Archive member included because of file (symbol)

c:/altera/13.0/nios2eds/bin/gnu/h-i686-mingw32/bin/../lib/gcc/nios2-elf/4.1.2/../../../../nios2-elf/lib\libc.a(lib_a-memcmp.o)
                              obj/default/FreeRTOS/tasks.o (memcmp)
c:/altera/13.0/nios2eds/bin/gnu/h-i686-mingw32/bin/../lib/gcc/nios2-elf/4.1.2/../../../../nios2-elf/lib\libc.a(lib_a-memcpy.o)
                              obj/default/FreeRTOS/queue.o (memcpy)
c:/altera/13.0/nios2eds/bin/gnu/h-i686-mingw32/bin/../lib/gcc/nios2-elf/4.1.2/../../../../nios2-elf/lib\libc.a(lib_a-memset.o)
                              obj/default/FreeRTOS/tasks.o (memset)
c:/altera/13.0/nios2eds/bin/gnu/h-i686-mingw32/bin/../lib/gcc/nios2-elf/4.1.2/../../../../nios2-elf/lib\libc.a(lib_a-printf.o)
                              obj/default/FreeRTOS/port.o (printf)
c:/altera/13.0/nios2eds/bin/gnu/h-i686-mingw32/bin/../lib/gcc/nios2-elf/4.1.2/../../../../nios2-elf/lib\libc.a(lib_a-puts.o)
                              obj/default/freertos_test.o (puts)
c:/altera/13.0/nios2eds/bin/gnu/h-i686-mingw32/bin/../lib/gcc/nios2-elf/4.1.2/../../../../nios2-elf/lib\libc.a(lib_a-strlen.o)
                              c:/altera/13.0/nios2eds/bin/gnu/h-i686-mingw32/bin/../lib/gcc/nios2-elf/4.1.2/../../../../nios2-elf/lib\libc.a(lib_a-puts.o) (strlen)
c:/altera/13.0/nios2eds/bin/gnu/h-i686-mingw32/bin/../lib/gcc/nios2-elf/4.1.2/../../../../nios2-elf/lib\libc.a(lib_a-vfprintf.o)
                              c:/altera/13.0/nios2eds/bin/gnu/h-i686-mingw32/bin/../lib/gcc/nios2-elf/4.1.2/../../../../nios2-elf/lib\libc.a(lib_a-printf.o) (___vfprintf_internal_r)
c:/altera/13.0/nios2eds/bin/gnu/h-i686-mingw32/bin/../lib/gcc/nios2-elf/4.1.2/../../../../nios2-elf/lib\libc.a(lib_a-wsetup.o)
                              c:/altera/13.0/nios2eds/bin/gnu/h-i686-mingw32/bin/../lib/gcc/nios2-elf/4.1.2/../../../../nios2-elf/lib\libc.a(lib_a-vfprintf.o) (__swsetup_r)
c:/altera/13.0/nios2eds/bin/gnu/h-i686-mingw32/bin/../lib/gcc/nios2-elf/4.1.2/../../../../nios2-elf/lib\libc.a(lib_a-dtoa.o)
                              c:/altera/13.0/nios2eds/bin/gnu/h-i686-mingw32/bin/../lib/gcc/nios2-elf/4.1.2/../../../../nios2-elf/lib\libc.a(lib_a-vfprintf.o) (_dtoa_r)
c:/altera/13.0/nios2eds/bin/gnu/h-i686-mingw32/bin/../lib/gcc/nios2-elf/4.1.2/../../../../nios2-elf/lib\libc.a(lib_a-fflush.o)
                              c:/altera/13.0/nios2eds/bin/gnu/h-i686-mingw32/bin/../lib/gcc/nios2-elf/4.1.2/../../../../nios2-elf/lib\libc.a(lib_a-vfprintf.o) (_fflush_r)
c:/altera/13.0/nios2eds/bin/gnu/h-i686-mingw32/bin/../lib/gcc/nios2-elf/4.1.2/../../../../nios2-elf/lib\libc.a(lib_a-findfp.o)
                              c:/altera/13.0/nios2eds/bin/gnu/h-i686-mingw32/bin/../lib/gcc/nios2-elf/4.1.2/../../../../nios2-elf/lib\libc.a(lib_a-vfprintf.o) (__sinit)
c:/altera/13.0/nios2eds/bin/gnu/h-i686-mingw32/bin/../lib/gcc/nios2-elf/4.1.2/../../../../nios2-elf/lib\libc.a(lib_a-freer.o)
                              c:/altera/13.0/nios2eds/bin/gnu/h-i686-mingw32/bin/../lib/gcc/nios2-elf/4.1.2/../../../../nios2-elf/lib\libc.a(lib_a-wsetup.o) (_free_r)
c:/altera/13.0/nios2eds/bin/gnu/h-i686-mingw32/bin/../lib/gcc/nios2-elf/4.1.2/../../../../nios2-elf/lib\libc.a(lib_a-fvwrite.o)
                              c:/altera/13.0/nios2eds/bin/gnu/h-i686-mingw32/bin/../lib/gcc/nios2-elf/4.1.2/../../../../nios2-elf/lib\libc.a(lib_a-puts.o) (__sfvwrite_r)
c:/altera/13.0/nios2eds/bin/gnu/h-i686-mingw32/bin/../lib/gcc/nios2-elf/4.1.2/../../../../nios2-elf/lib\libc.a(lib_a-fwalk.o)
                              c:/altera/13.0/nios2eds/bin/gnu/h-i686-mingw32/bin/../lib/gcc/nios2-elf/4.1.2/../../../../nios2-elf/lib\libc.a(lib_a-fflush.o) (_fwalk_reent)
c:/altera/13.0/nios2eds/bin/gnu/h-i686-mingw32/bin/../lib/gcc/nios2-elf/4.1.2/../../../../nios2-elf/lib\libc.a(lib_a-impure.o)
                              c:/altera/13.0/nios2eds/bin/gnu/h-i686-mingw32/bin/../lib/gcc/nios2-elf/4.1.2/../../../../nios2-elf/lib\libc.a(lib_a-printf.o) (_impure_ptr)
c:/altera/13.0/nios2eds/bin/gnu/h-i686-mingw32/bin/../lib/gcc/nios2-elf/4.1.2/../../../../nios2-elf/lib\libc.a(lib_a-locale.o)
                              c:/altera/13.0/nios2eds/bin/gnu/h-i686-mingw32/bin/../lib/gcc/nios2-elf/4.1.2/../../../../nios2-elf/lib\libc.a(lib_a-vfprintf.o) (_localeconv_r)
c:/altera/13.0/nios2eds/bin/gnu/h-i686-mingw32/bin/../lib/gcc/nios2-elf/4.1.2/../../../../nios2-elf/lib\libc.a(lib_a-makebuf.o)
                              c:/altera/13.0/nios2eds/bin/gnu/h-i686-mingw32/bin/../lib/gcc/nios2-elf/4.1.2/../../../../nios2-elf/lib\libc.a(lib_a-wsetup.o) (__smakebuf_r)
c:/altera/13.0/nios2eds/bin/gnu/h-i686-mingw32/bin/../lib/gcc/nios2-elf/4.1.2/../../../../nios2-elf/lib\libc.a(lib_a-mallocr.o)
                              c:/altera/13.0/nios2eds/bin/gnu/h-i686-mingw32/bin/../lib/gcc/nios2-elf/4.1.2/../../../../nios2-elf/lib\libc.a(lib_a-findfp.o) (_malloc_r)
[...]
Memory Configuration

Name             Origin             Length             Attributes
onchip_memory_BEFORE_EXCEPTION 0x00000000         0x00000020
onchip_memory    0x00000020         0x00031fe0
reset            0x01000000         0x00000020
flash_controller 0x01000020         0x007fffe0
sdram            0x08000000         0x08000000
*default*        0x00000000         0xffffffff

Linker script and memory map

LOAD ../Assignment01_bsp//obj/HAL/src/crt0.o
LOAD obj/default/FreeRTOS/croutine.o
LOAD obj/default/FreeRTOS/event_groups.o
LOAD obj/default/FreeRTOS/heap.o
LOAD obj/default/FreeRTOS/list.o
LOAD obj/default/FreeRTOS/port.o
LOAD obj/default/FreeRTOS/queue.o
LOAD obj/default/FreeRTOS/tasks.o
LOAD obj/default/FreeRTOS/timers.o
LOAD obj/default/freertos_test.o
LOAD obj/default/FreeRTOS/port_asm.o
LOAD c:/altera/13.0/nios2eds/bin/gnu/h-i686-mingw32/bin/../lib/gcc/nios2-elf/4.1.2/../../../../nios2-elf/lib\libstdc++.a
LOAD c:/altera/13.0/nios2eds/bin/gnu/h-i686-mingw32/bin/../lib/gcc/nios2-elf/4.1.2/../../../../nios2-elf/lib\libm.a
LOAD c:/altera/13.0/nios2eds/bin/gnu/h-i686-mingw32/bin/../lib/gcc/nios2-elf/4.1.2\libgcc.a
START GROUP
LOAD c:/altera/13.0/nios2eds/bin/gnu/h-i686-mingw32/bin/../lib/gcc/nios2-elf/4.1.2/../../../../nios2-elf/lib\libc.a
LOAD c:/altera/13.0/nios2eds/bin/gnu/h-i686-mingw32/bin/../lib/gcc/nios2-elf/4.1.2\libgcc.a
LOAD ../Assignment01_bsp/\libhal_bsp.a
END GROUP
LOAD c:/altera/13.0/nios2eds/bin/gnu/h-i686-mingw32/bin/../lib/gcc/nios2-elf/4.1.2\libgcc.a
                0x00000000                __alt_mem_onchip_memory = 0x0
                0x01000000                __alt_mem_flash_controller = 0x1000000
                0x08000000                __alt_mem_sdram = 0x8000000

.entry          0x01000000        0x0
 *(.entry)
 .entry         0x01000000        0x0 ../Assignment01_bsp//obj/HAL/src/crt0.o
                0x01000000                __reset

.exceptions     0x00000020      0x228
                0x00000020                PROVIDE (__ram_exceptions_start, ABSOLUTE (.))
                0x00000020                . = ALIGN (0x20)
 *(.irq)
 *(.exceptions.entry.label)
 *(.exceptions.entry.user)
 *(.exceptions.entry)
 .exceptions.entry
                0x00000020       0x8c obj/default/FreeRTOS/port_asm.o
 *(.exceptions.irqtest.user)
 *(.exceptions.irqtest)
 .exceptions.irqtest
                0x000000ac       0x14 obj/default/FreeRTOS/port_asm.o
 *(.exceptions.irqhandler.user)
 *(.exceptions.irqhandler)
 .exceptions.irqhandler
                0x000000c0        0x4 obj/default/FreeRTOS/port_asm.o
 *(.exceptions.irqreturn.user)
 *(.exceptions.irqreturn)
 .exceptions.irqreturn
                0x000000c4       0x8c obj/default/FreeRTOS/port_asm.o
                0x000000c4                restore_sp_from_pxCurrentTCB
 *(.exceptions.notirq.label)
 *(.exceptions.notirq.user)
 *(.exceptions.notirq)
 *(.exceptions.soft.user)
 *(.exceptions.soft)
 .exceptions.soft
                0x00000150       0x2c obj/default/FreeRTOS/port_asm.o
 *(.exceptions.unknown.user)
 *(.exceptions.unknown)
 *(.exceptions.exit.label)
 *(.exceptions.exit.user)
 *(.exceptions.exit)
 *(.exceptions)
 .exceptions    0x0000017c       0xcc ../Assignment01_bsp/\libhal_bsp.a(alt_irq_handler.o)
                0x0000017c                alt_irq_handler
                0x00000248                PROVIDE (__ram_exceptions_end, ABSOLUTE (.))
                0x00000020                PROVIDE (__flash_exceptions_start, LOADADDR (.exceptions))

.text           0x00000248    0x15bb8
                0x00000248                PROVIDE (stext, ABSOLUTE (.))
 *(.interp)
 *(.hash)
 *(.dynsym)
 *(.dynstr)
 *(.gnu.version)
 *(.gnu.version_d)
 *(.gnu.version_r)
 *(.rel.init)
 *(.rela.init)
 *(.rel.text .rel.text.* .rel.gnu.linkonce.t.*)
 *(.rela.text .rela.text.* .rela.gnu.linkonce.t.*)
 *(.rel.fini)
 *(.rela.fini)
 *(.rel.rodata .rel.rodata.* .rel.gnu.linkonce.r.*)
 *(.rela.rodata .rela.rodata.* .rela.gnu.linkonce.r.*)
 *(.rel.data .rel.data.* .rel.gnu.linkonce.d.*)
 *(.rela.data .rela.data.* .rela.gnu.linkonce.d.*)
 *(.rel.tdata .rel.tdata.* .rel.gnu.linkonce.td.*)
 *(.rela.tdata .rela.tdata.* .rela.gnu.linkonce.td.*)
 *(.rel.tbss .rel.tbss.* .rel.gnu.linkonce.tb.*)
 *(.rela.tbss .rela.tbss.* .rela.gnu.linkonce.tb.*)
 *(.rel.ctors)
 *(.rela.ctors)
 *(.rel.dtors)
 *(.rela.dtors)
 *(.rel.got)
 *(.rela.got)
 *(.rel.sdata .rel.sdata.* .rel.gnu.linkonce.s.*)
 *(.rela.sdata .rela.sdata.* .rela.gnu.linkonce.s.*)
 *(.rel.sbss .rel.sbss.* .rel.gnu.linkonce.sb.*)
 *(.rela.sbss .rela.sbss.* .rela.gnu.linkonce.sb.*)
 *(.rel.sdata2 .rel.sdata2.* .rel.gnu.linkonce.s2.*)
 *(.rela.sdata2 .rela.sdata2.* .rela.gnu.linkonce.s2.*)
 *(.rel.sbss2 .rel.sbss2.* .rel.gnu.linkonce.sb2.*)
 *(.rela.sbss2 .rela.sbss2.* .rela.gnu.linkonce.sb2.*)
 *(.rel.bss .rel.bss.* .rel.gnu.linkonce.b.*)
 *(.rela.bss .rela.bss.* .rela.gnu.linkonce.b.*)
 *(.rel.plt)
 *(.rela.plt)
 *(.rel.dyn)
 *(.init)
 *(.plt)
 *(.text .stub .text.* .gnu.linkonce.t.*)
 .text          0x00000248       0x48 ../Assignment01_bsp//obj/HAL/src/crt0.o
                0x00000248                _start
 .text          0x00000290      0x60c obj/default/FreeRTOS/croutine.o
                0x00000290                xCoRoutineCreate
                0x000003d0                vCoRoutineAddToDelayedList
                0x00000694                vCoRoutineSchedule
                0x0000081c                xCoRoutineRemoveFromEventList
 .text          0x0000089c      0x720 obj/default/FreeRTOS/event_groups.o
                0x0000089c                xEventGroupCreate
                0x000008f0                xEventGroupSync
                0x00000a74                xEventGroupWaitBits
                0x00000c34                xEventGroupClearBits
                0x00000c9c                xEventGroupGetBitsFromISR
                0x00000cd8                xEventGroupSetBits
                0x00000e64                vEventGroupDelete
                0x00000ed4                vEventGroupSetBitsCallback
                0x00000f0c                vEventGroupClearBitsCallback
 .text          0x00000fbc      0x448 obj/default/FreeRTOS/heap.o
                0x00000fbc                pvPortMalloc
                0x00001150                vPortFree
                0x000011d0                xPortGetFreeHeapSize
                0x000011f0                vPortInitialiseBlocks
 .text          0x00001404      0x28c obj/default/FreeRTOS/list.o
                0x00001404                vListInitialise
                0x00001474                vListInitialiseItem
                0x0000149c                vListInsertEnd
                0x00001524                vListInsert
                0x000015f8                uxListRemove
 .text          0x00001690      0x434 obj/default/FreeRTOS/port.o
                0x00001690                vApplicationStackOverflowHook
                0x000016f4                pxPortInitialiseStack
                0x000017dc                xPortStartScheduler
                0x00001814                vPortEndScheduler
                0x000018c8                vPortSysTickHandler
                0x00001914                alt_irq_register
 .text          0x00001ac4     0x1134 obj/default/FreeRTOS/queue.o
                0x00001ac4                xQueueGenericReset
                0x00001bd8                xQueueGenericCreate
                0x00001cb4                xQueueCreateMutex
                0x00001d78                xQueueGiveMutexRecursive
                0x00001e0c                xQueueTakeMutexRecursive
                0x00001eb4                xQueueCreateCountingSemaphore
                0x00001f10                xQueueGenericSend
                0x000020c0                xQueueGenericSendFromISR
                0x000021a8                xQueueGiveFromISR
                0x00002280                xQueueGenericReceive
                0x000024ac                xQueueReceiveFromISR
                0x00002590                xQueuePeekFromISR
                0x00002610                uxQueueMessagesWaiting
                0x00002650                uxQueueSpacesAvailable
                0x000026a4                uxQueueMessagesWaitingFromISR
                0x000026d4                vQueueDelete
                0x00002a80                xQueueIsQueueEmptyFromISR
                0x00002b1c                xQueueIsQueueFullFromISR
                0x00002b64                vQueueWaitForMessageRestricted
 .text          0x00002bf8     0x1c94 obj/default/FreeRTOS/tasks.o
                0x00002bf8                xTaskGenericCreate
                0x00002dc0                vTaskDelete
                0x00002e98                vTaskDelay
                0x00002f10                vTaskStartScheduler
                0x00002fac                vTaskEndScheduler
                0x00002ff0                vTaskSuspendAll
                0x00003018                xTaskResumeAll
                0x00003168                xTaskGetTickCount
                0x00003190                xTaskGetTickCountFromISR
                0x000031bc                uxTaskGetNumberOfTasks
                0x000031dc                xTaskIncrementTick
                0x000033b8                vTaskSwitchContext
                0x000034e8                vTaskPlaceOnEventList
                0x00003548                vTaskPlaceOnUnorderedEventList
                0x000035bc                vTaskPlaceOnEventListRestricted
                0x0000361c                xTaskRemoveFromEventList
                0x00003704                xTaskRemoveFromUnorderedEventList
                0x000037d4                vTaskSetTimeOutState
                0x0000380c                xTaskCheckForTimeOut
                0x000038d0                vTaskMissedYield
                0x00003d50                uxTaskGetStackHighWaterMark
                0x00003e6c                xTaskGetCurrentTaskHandle
                0x00003e94                xTaskGetSchedulerState
                0x00003ee8                vTaskPriorityInherit
                0x00004018                xTaskPriorityDisinherit
                0x00004114                vTaskEnterCritical
                0x00004168                vTaskExitCritical
                0x000041d0                uxTaskResetEventItemValue
                0x00004214                pvTaskIncrementMutexHeldCount
                0x00004250                ulTaskNotifyTake
                0x00004328                xTaskNotifyWait
                0x00004434                xTaskNotify
                0x000045bc                xTaskNotifyFromISR
                0x0000477c                vTaskNotifyGiveFromISR
 .text          0x0000488c      0x8b0 obj/default/FreeRTOS/timers.o
                0x0000488c                xTimerCreateTimerTask
                0x000048fc                xTimerCreate
                0x000049ac                xTimerGenericCommand
                0x00004a74                pcTimerGetTimerName
                0x000050c0                xTimerIsTimerActive
                0x0000510c                pvTimerGetTimerID
 .text          0x0000513c       0xd8 obj/default/freertos_test.o
                0x0000513c                main
 .text          0x00005214        0x0 obj/default/FreeRTOS/port_asm.o
 .text          0x00005214       0x74 c:/altera/13.0/nios2eds/bin/gnu/h-i686-mingw32/bin/../lib/gcc/nios2-elf/4.1.2/../../../../nios2-elf/lib\libc.a(lib_a-memcmp.o)
                0x00005214                memcmp
 .text          0x00005288       0xa0 c:/altera/13.0/nios2eds/bin/gnu/h-i686-mingw32/bin/../lib/gcc/nios2-elf/4.1.2/../../../../nios2-elf/lib\libc.a(lib_a-memcpy.o)
                0x00005288                memcpy
 .text          0x00005328       0x98 c:/altera/13.0/nios2eds/bin/gnu/h-i686-mingw32/bin/../lib/gcc/nios2-elf/4.1.2/../../../../nios2-elf/lib\libc.a(lib_a-memset.o)
                0x00005328                memset
 .text          0x000053c0       0x78 c:/altera/13.0/nios2eds/bin/gnu/h-i686-mingw32/bin/../lib/gcc/nios2-elf/4.1.2/../../../../nios2-elf/lib\libc.a(lib_a-printf.o)
                0x000053c0                printf
                0x00005404                _printf_r
 .text          0x00005438       0xb4 c:/altera/13.0/nios2eds/bin/gnu/h-i686-mingw32/bin/../lib/gcc/nios2-elf/4.1.2/../../../../nios2-elf/lib\libc.a(lib_a-puts.o)
                0x00005438                _puts_r
                0x000054d8                puts
 .text          0x000054ec       0x74 c:/altera/13.0/nios2eds/bin/gnu/h-i686-mingw32/bin/../lib/gcc/nios2-elf/4.1.2/../../../../nios2-elf/lib\libc.a(lib_a-strlen.o)
                0x000054ec                strlen
 .text          0x00005560     0x1f28 c:/altera/13.0/nios2eds/bin/gnu/h-i686-mingw32/bin/../lib/gcc/nios2-elf/4.1.2/../../../../nios2-elf/lib\libc.a(lib_a-vfprintf.o)
                0x000055b8                ___vfprintf_internal_r
                0x00007464                __vfprintf_internal
 .text          0x00007488      0x13c c:/altera/13.0/nios2eds/bin/gnu/h-i686-mingw32/bin/../lib/gcc/nios2-elf/4.1.2/../../../../nios2-elf/lib\libc.a(lib_a-wsetup.o)
                0x00007488                __swsetup_r
 .text          0x000075c4     0x17cc c:/altera/13.0/nios2eds/bin/gnu/h-i686-mingw32/bin/../lib/gcc/nios2-elf/4.1.2/../../../../nios2-elf/lib\libc.a(lib_a-dtoa.o)
                0x000077dc                _dtoa_r
 .text          0x00008d90      0x230 c:/altera/13.0/nios2eds/bin/gnu/h-i686-mingw32/bin/../lib/gcc/nios2-elf/4.1.2/../../../../nios2-elf/lib\libc.a(lib_a-fflush.o)
                0x00008d90                _fflush_r
                0x00008f8c                fflush
 .text          0x00008fc0      0x2c0 c:/altera/13.0/nios2eds/bin/gnu/h-i686-mingw32/bin/../lib/gcc/nios2-elf/4.1.2/../../../../nios2-elf/lib\libc.a(lib_a-findfp.o)
                0x00009018                __sfp_lock_acquire
                0x0000901c                __sfp_lock_release
                0x00009020                __sinit_lock_acquire
                0x00009024                __sinit_lock_release
                0x00009028                __sinit
                0x000090dc                __fp_unlock_all
                0x000090f4                __fp_lock_all
                0x0000910c                _cleanup_r
                0x00009118                _cleanup
                0x00009128                __sfmoreglue
                0x00009190                __sfp
 .text          0x00009280      0x440 c:/altera/13.0/nios2eds/bin/gnu/h-i686-mingw32/bin/../lib/gcc/nios2-elf/4.1.2/../../../../nios2-elf/lib\libc.a(lib_a-freer.o)
                0x00009280                _malloc_trim_r
                0x000093ac                _free_r
 .text          0x000096c0      0x49c c:/altera/13.0/nios2eds/bin/gnu/h-i686-mingw32/bin/../lib/gcc/nios2-elf/4.1.2/../../../../nios2-elf/lib\libc.a(lib_a-fvwrite.o)
                0x000096c0                __sfvwrite_r
 .text          0x00009b5c      0x180 c:/altera/13.0/nios2eds/bin/gnu/h-i686-mingw32/bin/../lib/gcc/nios2-elf/4.1.2/../../../../nios2-elf/lib\libc.a(lib_a-fwalk.o)
                0x00009b5c                _fwalk_reent
                0x00009c24                _fwalk
 .text          0x00009cdc        0x0 c:/altera/13.0/nios2eds/bin/gnu/h-i686-mingw32/bin/../lib/gcc/nios2-elf/4.1.2/../../../../nios2-elf/lib\libc.a(lib_a-impure.o)
 .text          0x00009cdc       0xc4 c:/altera/13.0/nios2eds/bin/gnu/h-i686-mingw32/bin/../lib/gcc/nios2-elf/4.1.2/../../../../nios2-elf/lib\libc.a(lib_a-locale.o)
                0x00009cdc                __locale_charset
                0x00009ce4                _localeconv_r
                0x00009cf0                localeconv
                0x00009d00                _setlocale_r
                0x00009d84                setlocale
 .text          0x00009da0      0x194 c:/altera/13.0/nios2eds/bin/gnu/h-i686-mingw32/bin/../lib/gcc/nios2-elf/4.1.2/../../../../nios2-elf/lib\libc.a(lib_a-makebuf.o)
                0x00009da0                __smakebuf_r
 .text          0x00009f34      0x740 c:/altera/13.0/nios2eds/bin/gnu/h-i686-mingw32/bin/../lib/gcc/nios2-elf/4.1.2/../../../../nios2-elf/lib\libc.a(lib_a-mallocr.o)
                0x00009f34                _malloc_r
 .text          0x0000a674       0xe4 c:/altera/13.0/nios2eds/bin/gnu/h-i686-mingw32/bin/../lib/gcc/nios2-elf/4.1.2/../../../../nios2-elf/lib\libc.a(lib_a-memchr.o)
                0x0000a674                memchr
 .text          0x0000a758       0xe0 c:/altera/13.0/nios2eds/bin/gnu/h-i686-mingw32/bin/../lib/gcc/nios2-elf/4.1.2/../../../../nios2-elf/lib\libc.a(lib_a-memmove.o)
                0x0000a758                memmove
 .text          0x0000a838      0xff4 c:/altera/13.0/nios2eds/bin/gnu/h-i686-mingw32/bin/../lib/gcc/nios2-elf/4.1.2/../../../../nios2-elf/lib\libc.a(lib_a-mprec.o)
                0x0000a838                _Bfree
                0x0000a860                __hi0bits
                0x0000a8d0                __lo0bits
                0x0000a994                __mcmp
                0x0000a9f4                __ulp
                0x0000aa74                __b2d
                0x0000ab94                __ratio
                0x0000ac44                _mprec_log10
                0x0000acd8                __copybits
                0x0000ad30                __any_on
                0x0000adb8                _Balloc
                0x0000ae74                __d2b
                0x0000aff0                __mdiff
                0x0000b17c                __lshift
                0x0000b2c8                __multiply
                0x0000b4b0                __i2b
                0x0000b4ec                __multadd
                0x0000b5ec                __pow5mult
                0x0000b70c                __s2b
 .text          0x0000b82c      0x5f4 c:/altera/13.0/nios2eds/bin/gnu/h-i686-mingw32/bin/../lib/gcc/nios2-elf/4.1.2/../../../../nios2-elf/lib\libc.a(lib_a-reallocr.o)
                0x0000b82c                _realloc_r
 .text          0x0000be20       0x40 c:/altera/13.0/nios2eds/bin/gnu/h-i686-mingw32/bin/../lib/gcc/nios2-elf/4.1.2/../../../../nios2-elf/lib\libc.a(lib_a-s_isinfd.o)
                0x0000be20                __isinfd
 .text          0x0000be60       0x30 c:/altera/13.0/nios2eds/bin/gnu/h-i686-mingw32/bin/../lib/gcc/nios2-elf/4.1.2/../../../../nios2-elf/lib\libc.a(lib_a-s_isnand.o)
                0x0000be60                __isnand
 .text          0x0000be90       0x70 c:/altera/13.0/nios2eds/bin/gnu/h-i686-mingw32/bin/../lib/gcc/nios2-elf/4.1.2/../../../../nios2-elf/lib\libc.a(lib_a-sbrkr.o)
                0x0000be90                _sbrk_r
 .text          0x0000bf00      0x14c c:/altera/13.0/nios2eds/bin/gnu/h-i686-mingw32/bin/../lib/gcc/nios2-elf/4.1.2/../../../../nios2-elf/lib\libc.a(lib_a-stdio.o)
                0x0000bf00                __sclose
                0x0000bf08                __sseek
                0x0000bf70                __swrite
                0x0000bfec                __sread
 .text          0x0000c04c       0xbc c:/altera/13.0/nios2eds/bin/gnu/h-i686-mingw32/bin/../lib/gcc/nios2-elf/4.1.2/../../../../nios2-elf/lib\libc.a(lib_a-strcmp.o)
                0x0000c04c                strcmp
 .text          0x0000c108       0x78 c:/altera/13.0/nios2eds/bin/gnu/h-i686-mingw32/bin/../lib/gcc/nios2-elf/4.1.2/../../../../nios2-elf/lib\libc.a(lib_a-writer.o)
                0x0000c108                _write_r
 .text          0x0000c180       0xb4 c:/altera/13.0/nios2eds/bin/gnu/h-i686-mingw32/bin/../lib/gcc/nios2-elf/4.1.2/../../../../nios2-elf/lib\libc.a(lib_a-callocr.o)
                0x0000c180                _calloc_r
 .text          0x0000c234       0x70 c:/altera/13.0/nios2eds/bin/gnu/h-i686-mingw32/bin/../lib/gcc/nios2-elf/4.1.2/../../../../nios2-elf/lib\libc.a(lib_a-closer.o)
                0x0000c234                _close_r
 .text          0x0000c2a4      0x124 c:/altera/13.0/nios2eds/bin/gnu/h-i686-mingw32/bin/../lib/gcc/nios2-elf/4.1.2/../../../../nios2-elf/lib\libc.a(lib_a-fclose.o)
                0x0000c2a4                _fclose_r
                0x0000c3b4                fclose
 .text          0x0000c3c8       0x74 c:/altera/13.0/nios2eds/bin/gnu/h-i686-mingw32/bin/../lib/gcc/nios2-elf/4.1.2/../../../../nios2-elf/lib\libc.a(lib_a-fstatr.o)
                0x0000c3c8                _fstat_r
 .text          0x0000c43c        0x0 c:/altera/13.0/nios2eds/bin/gnu/h-i686-mingw32/bin/../lib/gcc/nios2-elf/4.1.2/../../../../nios2-elf/lib\libc.a(lib_a-int_errno.o)
 .text          0x0000c43c       0x70 c:/altera/13.0/nios2eds/bin/gnu/h-i686-mingw32/bin/../lib/gcc/nios2-elf/4.1.2/../../../../nios2-elf/lib\libc.a(lib_a-isattyr.o)
                0x0000c43c                _isatty_r
 .text          0x0000c4ac       0x78 c:/altera/13.0/nios2eds/bin/gnu/h-i686-mingw32/bin/../lib/gcc/nios2-elf/4.1.2/../../../../nios2-elf/lib\libc.a(lib_a-lseekr.o)
                0x0000c4ac                _lseek_r
 .text          0x0000c524       0x78 c:/altera/13.0/nios2eds/bin/gnu/h-i686-mingw32/bin/../lib/gcc/nios2-elf/4.1.2/../../../../nios2-elf/lib\libc.a(lib_a-readr.o)
                0x0000c524                _read_r
 .text          0x0000c59c      0x5dc c:/altera/13.0/nios2eds/bin/gnu/h-i686-mingw32/bin/../lib/gcc/nios2-elf/4.1.2\libgcc.a(_udivdi3.o)
                0x0000c59c                __udivdi3
 .text          0x0000cb78      0x5b0 c:/altera/13.0/nios2eds/bin/gnu/h-i686-mingw32/bin/../lib/gcc/nios2-elf/4.1.2\libgcc.a(_umoddi3.o)
                0x0000cb78                __umoddi3
 .text          0x0000d128      0x504 c:/altera/13.0/nios2eds/bin/gnu/h-i686-mingw32/bin/../lib/gcc/nios2-elf/4.1.2\libgcc.a(_addsub_df.o)
                0x0000d538                __subdf3
                0x0000d5b8                __adddf3
 .text          0x0000d62c      0x3c4 c:/altera/13.0/nios2eds/bin/gnu/h-i686-mingw32/bin/../lib/gcc/nios2-elf/4.1.2\libgcc.a(_mul_df.o)
                0x0000d62c                __muldf3
 .text          0x0000d9f0      0x258 c:/altera/13.0/nios2eds/bin/gnu/h-i686-mingw32/bin/../lib/gcc/nios2-elf/4.1.2\libgcc.a(_div_df.o)
                0x0000d9f0                __divdf3
 .text          0x0000dc48       0x88 c:/altera/13.0/nios2eds/bin/gnu/h-i686-mingw32/bin/../lib/gcc/nios2-elf/4.1.2\libgcc.a(_eq_df.o)
                0x0000dc48                __eqdf2
 .text          0x0000dcd0       0x88 c:/altera/13.0/nios2eds/bin/gnu/h-i686-mingw32/bin/../lib/gcc/nios2-elf/4.1.2\libgcc.a(_ne_df.o)
                0x0000dcd0                __nedf2
 .text          0x0000dd58       0x88 c:/altera/13.0/nios2eds/bin/gnu/h-i686-mingw32/bin/../lib/gcc/nios2-elf/4.1.2\libgcc.a(_gt_df.o)
                0x0000dd58                __gtdf2
 .text          0x0000dde0       0x88 c:/altera/13.0/nios2eds/bin/gnu/h-i686-mingw32/bin/../lib/gcc/nios2-elf/4.1.2\libgcc.a(_ge_df.o)
                0x0000dde0                __gedf2
 .text          0x0000de68       0x88 c:/altera/13.0/nios2eds/bin/gnu/h-i686-mingw32/bin/../lib/gcc/nios2-elf/4.1.2\libgcc.a(_lt_df.o)
                0x0000de68                __ltdf2
 .text          0x0000def0       0xf8 c:/altera/13.0/nios2eds/bin/gnu/h-i686-mingw32/bin/../lib/gcc/nios2-elf/4.1.2\libgcc.a(_si_to_df.o)
                0x0000def0                __floatsidf
 .text          0x0000dfe8       0xd8 c:/altera/13.0/nios2eds/bin/gnu/h-i686-mingw32/bin/../lib/gcc/nios2-elf/4.1.2\libgcc.a(_df_to_si.o)
                0x0000dfe8                __fixdfsi
 .text          0x0000e0c0        0x0 c:/altera/13.0/nios2eds/bin/gnu/h-i686-mingw32/bin/../lib/gcc/nios2-elf/4.1.2\libgcc.a(_thenan_df.o)
 .text          0x0000e0c0      0x194 c:/altera/13.0/nios2eds/bin/gnu/h-i686-mingw32/bin/../lib/gcc/nios2-elf/4.1.2\libgcc.a(_usi_to_df.o)
                0x0000e0c0                __floatunsidf
 .text          0x0000e254      0x14c c:/altera/13.0/nios2eds/bin/gnu/h-i686-mingw32/bin/../lib/gcc/nios2-elf/4.1.2\libgcc.a(lib2-divmod.o)
                0x0000e2d0                __divsi3
                0x0000e330                __modsi3
                0x0000e390                __udivsi3
                0x0000e398                __umodsi3
 .text          0x0000e3a0       0x98 c:/altera/13.0/nios2eds/bin/gnu/h-i686-mingw32/bin/../lib/gcc/nios2-elf/4.1.2\libgcc.a(_muldi3.o)
                0x0000e3a0                __muldi3
 .text          0x0000e438        0x0 c:/altera/13.0/nios2eds/bin/gnu/h-i686-mingw32/bin/../lib/gcc/nios2-elf/4.1.2\libgcc.a(_clz.o)
 .text          0x0000e438       0x80 c:/altera/13.0/nios2eds/bin/gnu/h-i686-mingw32/bin/../lib/gcc/nios2-elf/4.1.2\libgcc.a(_clzsi2.o)
                0x0000e438                __clzsi2
 .text          0x0000e4b8      0x314 c:/altera/13.0/nios2eds/bin/gnu/h-i686-mingw32/bin/../lib/gcc/nios2-elf/4.1.2\libgcc.a(_pack_df.o)
                0x0000e4b8                __pack_d
 .text          0x0000e7cc      0x138 c:/altera/13.0/nios2eds/bin/gnu/h-i686-mingw32/bin/../lib/gcc/nios2-elf/4.1.2\libgcc.a(_unpack_df.o)
                0x0000e7cc                __unpack_d
 .text          0x0000e904       0xc8 c:/altera/13.0/nios2eds/bin/gnu/h-i686-mingw32/bin/../lib/gcc/nios2-elf/4.1.2\libgcc.a(_fpcmp_parts_df.o)
                0x0000e904                __fpcmp_parts_d
 .text          0x0000e9cc      0x15c ../Assignment01_bsp/\libhal_bsp.a(alt_close.o)
                0x0000e9cc                close
 .text          0x0000eb28       0x2c ../Assignment01_bsp/\libhal_bsp.a(alt_dev.o)
 .text          0x0000eb54        0x0 ../Assignment01_bsp/\libhal_bsp.a(alt_errno.o)
 .text          0x0000eb54      0x134 ../Assignment01_bsp/\libhal_bsp.a(alt_fstat.o)
                0x0000eb54                fstat
 .text          0x0000ec88        0x0 ../Assignment01_bsp/\libhal_bsp.a(alt_irq_handler.o)
 .text          0x0000ec88        0x0 ../Assignment01_bsp/\libhal_bsp.a(alt_irq_vars.o)
 .text          0x0000ec88      0x120 ../Assignment01_bsp/\libhal_bsp.a(alt_isatty.o)
                0x0000ec88                isatty
 .text          0x0000eda8      0x150 ../Assignment01_bsp/\libhal_bsp.a(alt_lseek.o)
                0x0000eda8                lseek
 .text          0x0000eef8       0x6c ../Assignment01_bsp/\libhal_bsp.a(alt_main.o)
                0x0000eef8                alt_main
 .text          0x0000ef64       0x40 ../Assignment01_bsp/\libhal_bsp.a(alt_malloc_lock.o)
                0x0000ef64                __malloc_lock
                0x0000ef84                __malloc_unlock
 .text          0x0000efa4      0x180 ../Assignment01_bsp/\libhal_bsp.a(alt_read.o)
                0x0000efa4                read
 .text          0x0000f124       0x60 ../Assignment01_bsp/\libhal_bsp.a(alt_release_fd.o)
                0x0000f124                alt_release_fd
 .text          0x0000f184       0xbc ../Assignment01_bsp/\libhal_bsp.a(alt_sbrk.o)
                0x0000f184                sbrk
 .text          0x0000f240      0x180 ../Assignment01_bsp/\libhal_bsp.a(alt_write.o)
                0x0000f240                write
 .text          0x0000f3c0      0x3d8 ../Assignment01_bsp/\libhal_bsp.a(alt_sys_init.o)
                0x0000f3c0                alt_irq_init
                0x0000f3f4                alt_sys_init
 .text          0x0000f798      0x8d8 ../Assignment01_bsp/\libhal_bsp.a(altera_avalon_cfi_flash.o)
                0x0000f798                alt_flash_cfi_init
                0x0000f86c                alt_flash_cfi_write
                0x0000fb2c                alt_flash_cfi_get_info
                0x0000fbbc                alt_flash_cfi_read
                0x0000fc24                alt_write_value_to_flash
                0x0000fd88                alt_flash_program_block
 .text          0x00010070     0x14a8 ../Assignment01_bsp/\libhal_bsp.a(altera_avalon_cfi_flash_table.o)
                0x00010070                alt_read_query_entry_8bit
                0x000100b0                alt_read_query_entry_16bit
                0x000100f4                alt_read_query_entry_32bit
                0x0001013c                alt_write_flash_command_8bit_device_8bit_mode
                0x00010178                alt_write_flash_command_16bit_device_8bit_mode
                0x000101f4                alt_write_flash_command_32bit_device_8bit_mode
                0x0001023c                alt_write_flash_command_16bit_device_16bit_mode
                0x00010280                alt_write_flash_command_32bit_device_16bit_mode
                0x000102c8                alt_write_flash_command_32bit_device_32bit_mode
                0x00010310                alt_write_native_8bit
                0x00010344                alt_write_native_16bit
                0x00010378                alt_write_native_32bit
                0x000103a8                alt_set_flash_width_func
                0x00010588                alt_set_flash_algorithm_func
                0x000106b0                alt_read_cfi_table
                0x00010c90                alt_read_cfi_width
                0x0001143c                alt_check_primary_table
 .text          0x00011518      0x148 ../Assignment01_bsp/\libhal_bsp.a(altera_avalon_jtag_uart_fd.o)
                0x00011518                altera_avalon_jtag_uart_read_fd
                0x00011570                altera_avalon_jtag_uart_write_fd
                0x000115c8                altera_avalon_jtag_uart_close_fd
                0x00011610                altera_avalon_jtag_uart_ioctl_fd
 .text          0x00011660      0x408 ../Assignment01_bsp/\libhal_bsp.a(altera_avalon_jtag_uart_init.o)
                0x00011660                altera_avalon_jtag_uart_init
                0x000119f4                altera_avalon_jtag_uart_close
 .text          0x00011a68       0xf4 ../Assignment01_bsp/\libhal_bsp.a(altera_avalon_jtag_uart_ioctl.o)
                0x00011a68                altera_avalon_jtag_uart_ioctl
 .text          0x00011b5c      0x224 ../Assignment01_bsp/\libhal_bsp.a(altera_avalon_jtag_uart_read.o)
                0x00011b5c                altera_avalon_jtag_uart_read
 .text          0x00011d80      0x240 ../Assignment01_bsp/\libhal_bsp.a(altera_avalon_jtag_uart_write.o)
                0x00011d80                altera_avalon_jtag_uart_write
 .text          0x00011fc0      0xee0 ../Assignment01_bsp/\libhal_bsp.a(altera_avalon_lcd_16207.o)
                0x00012794                altera_avalon_lcd_16207_write
                0x00012d64                altera_avalon_lcd_16207_init
 .text          0x00012ea0       0x58 ../Assignment01_bsp/\libhal_bsp.a(altera_avalon_lcd_16207_fd.o)
                0x00012ea0                altera_avalon_lcd_16207_write_fd
 .text          0x00012ef8       0xfc ../Assignment01_bsp/\libhal_bsp.a(altera_avalon_timer_sc.o)
                0x00012f6c                alt_avalon_timer_sc_init
 .text          0x00012ff4       0xf8 ../Assignment01_bsp/\libhal_bsp.a(altera_avalon_uart_fd.o)
                0x00012ff4                altera_avalon_uart_read_fd
                0x0001304c                altera_avalon_uart_write_fd
                0x000130a4                altera_avalon_uart_close_fd
 .text          0x000130ec      0x3fc ../Assignment01_bsp/\libhal_bsp.a(altera_avalon_uart_init.o)
                0x000130ec                altera_avalon_uart_init
                0x00013488                altera_avalon_uart_close
 .text          0x000134e8      0x290 ../Assignment01_bsp/\libhal_bsp.a(altera_avalon_uart_read.o)
                0x000134e8                altera_avalon_uart_read
 .text          0x00013778      0x228 ../Assignment01_bsp/\libhal_bsp.a(altera_avalon_uart_write.o)
                0x00013778                altera_avalon_uart_write
 .text          0x000139a0      0x700 ../Assignment01_bsp/\libhal_bsp.a(altera_up_avalon_ps2.o)
                0x000139a0                read_RI_bit
                0x000139d4                read_RE_bit
                0x00013a04                read_CE_bit
                0x00013a38                read_num_bytes_available
                0x00013a6c                read_data_valid
                0x00013aa0                read_data_byte
                0x00013acc                alt_up_ps2_init
                0x00013b98                alt_up_ps2_enable_read_interrupt
                0x00013bec                alt_up_ps2_disable_read_interrupt
                0x00013c44                alt_up_ps2_write_data_byte
                0x00013cbc                alt_up_ps2_wait_for_ack
                0x00013d2c                alt_up_ps2_write_data_byte_with_ack
                0x00013d98                alt_up_ps2_read_data_byte_timeout
                0x00013e48                alt_up_ps2_read_data_byte
                0x00013ec4                alt_up_ps2_clear_fifo
                0x00013f1c                alt_up_ps2_read_fd
                0x00013fb8                alt_up_ps2_write_fd
                0x00014060                alt_up_ps2_open_dev
 .text          0x000140a0      0x304 ../Assignment01_bsp/\libhal_bsp.a(altera_up_avalon_video_character_buffer_with_dma.o)
                0x000140a0                alt_up_char_buffer_init
                0x00014124                alt_up_char_buffer_open_dev
                0x00014164                alt_up_char_buffer_draw
                0x00014234                alt_up_char_buffer_string
                0x00014348                alt_up_char_buffer_clear
 .text          0x000143a4      0x154 ../Assignment01_bsp/\libhal_bsp.a(alt_alarm_start.o)
                0x000143a4                alt_alarm_start
 .text          0x000144f8       0x78 ../Assignment01_bsp/\libhal_bsp.a(alt_dcache_flush.o)
                0x000144f8                alt_dcache_flush
 .text          0x00014570      0x114 ../Assignment01_bsp/\libhal_bsp.a(alt_dev_llist_insert.o)
                0x00014570                alt_dev_llist_insert
 .text          0x00014684       0x64 ../Assignment01_bsp/\libhal_bsp.a(alt_do_ctors.o)
                0x00014684                _do_ctors
 .text          0x000146e8       0x64 ../Assignment01_bsp/\libhal_bsp.a(alt_do_dtors.o)
                0x000146e8                _do_dtors
 .text          0x0001474c       0x94 ../Assignment01_bsp/\libhal_bsp.a(alt_find_dev.o)
                0x0001474c                alt_find_dev
 .text          0x000147e0       0xd0 ../Assignment01_bsp/\libhal_bsp.a(alt_flash_dev.o)
                0x000147e0                alt_flash_open_dev
                0x0001485c                alt_flash_close_dev
 .text          0x000148b0      0x13c ../Assignment01_bsp/\libhal_bsp.a(alt_io_redirect.o)
                0x00014974                alt_io_redirect
 .text          0x000149ec      0x2c4 ../Assignment01_bsp/\libhal_bsp.a(alt_open.o)
                0x00014ac8                open
 .text          0x00014cb0      0x1a4 ../Assignment01_bsp/\libhal_bsp.a(alt_tick.o)
                0x00014cb0                alt_alarm_stop
                0x00014d48                alt_tick
 .text          0x00014e54       0x30 ../Assignment01_bsp/\libhal_bsp.a(alt_usleep.o)
                0x00014e54                usleep
 .text          0x00014e84       0x20 ../Assignment01_bsp/\libhal_bsp.a(altera_nios2_qsys_irq.o)
                0x00014e84                altera_nios2_qsys_irq_init
 .text          0x00014ea4      0x460 ../Assignment01_bsp/\libhal_bsp.a(altera_avalon_cfi_flash_amd.o)
                0x00014ea4                alt_program_amd
                0x00014f0c                alt_erase_block_amd
 .text          0x00015304      0x460 ../Assignment01_bsp/\libhal_bsp.a(altera_avalon_cfi_flash_intel.o)
                0x00015304                alt_program_intel
                0x00015388                alt_erase_block_intel
 .text          0x00015764      0x12c ../Assignment01_bsp/\libhal_bsp.a(alt_busy_sleep.o)
                0x00015764                alt_busy_sleep
 .text          0x00015890      0x120 ../Assignment01_bsp/\libhal_bsp.a(alt_find_file.o)
                0x00015890                alt_find_file
 .text          0x000159b0       0xb8 ../Assignment01_bsp/\libhal_bsp.a(alt_get_fd.o)
                0x000159b0                alt_get_fd
 .text          0x00015a68       0x14 c:/altera/13.0/nios2eds/bin/gnu/h-i686-mingw32/bin/../lib/gcc/nios2-elf/4.1.2/../../../../nios2-elf/lib\libc.a(lib_a-atexit.o)
                0x00015a68                atexit
 .text          0x00015a7c        0x0 c:/altera/13.0/nios2eds/bin/gnu/h-i686-mingw32/bin/../lib/gcc/nios2-elf/4.1.2/../../../../nios2-elf/lib\libc.a(lib_a-ctype_.o)
 .text          0x00015a7c       0x38 c:/altera/13.0/nios2eds/bin/gnu/h-i686-mingw32/bin/../lib/gcc/nios2-elf/4.1.2/../../../../nios2-elf/lib\libc.a(lib_a-exit.o)
                0x00015a7c                exit
 .text          0x00015ab4      0x134 c:/altera/13.0/nios2eds/bin/gnu/h-i686-mingw32/bin/../lib/gcc/nios2-elf/4.1.2/../../../../nios2-elf/lib\libc.a(lib_a-__atexit.o)
                0x00015ab4                __register_exitproc
 .text          0x00015be8      0x1b4 c:/altera/13.0/nios2eds/bin/gnu/h-i686-mingw32/bin/../lib/gcc/nios2-elf/4.1.2/../../../../nios2-elf/lib\libc.a(lib_a-__call_atexit.o)
                0x00015bec                __call_exitprocs
 .text          0x00015d9c       0x60 ../Assignment01_bsp/\libhal_bsp.a(alt_exit.o)
                0x00015ddc                _exit
 *(.gnu.warning.*)
 *(.fini)
                0x00015dfc                PROVIDE (__etext, ABSOLUTE (.))
                0x00015dfc                PROVIDE (_etext, ABSOLUTE (.))
                0x00015dfc                PROVIDE (etext, ABSOLUTE (.))
 *(.eh_frame_hdr)
                0x00015dfc                . = ALIGN (0x4)
                0x00015dfc                PROVIDE (__preinit_array_start, ABSOLUTE (.))
 *(.preinit_array)
                0x00015dfc                PROVIDE (__preinit_array_end, ABSOLUTE (.))
                0x00015dfc                PROVIDE (__init_array_start, ABSOLUTE (.))
 *(.init_array)
                0x00015dfc                PROVIDE (__init_array_end, ABSOLUTE (.))
                0x00015dfc                PROVIDE (__fini_array_start, ABSOLUTE (.))
 *(.fini_array)
                0x00015dfc                PROVIDE (__fini_array_end, ABSOLUTE (.))
 *(.eh_frame)
 *(.gcc_except_table)
 *(.dynamic)
                0x00015dfc                PROVIDE (__CTOR_LIST__, ABSOLUTE (.))
 *(.ctors)
 *(SORT(.ctors.*))
 .ctors.65535   0x00015dfc        0x4 c:/altera/13.0/nios2eds/bin/gnu/h-i686-mingw32/bin/../lib/gcc/nios2-elf/4.1.2/../../../../nios2-elf/lib\libc.a(lib_a-__call_atexit.o)
                0x00015e00                PROVIDE (__CTOR_END__, ABSOLUTE (.))
                0x00015e00                PROVIDE (__DTOR_LIST__, ABSOLUTE (.))
 *(.dtors)
 *(SORT(.dtors.*))
                0x00015e00                PROVIDE (__DTOR_END__, ABSOLUTE (.))
 *(.jcr)
                0x00015e00                . = ALIGN (0x4)

.rodata         0x08000000      0x6f4
                0x08000000                PROVIDE (__ram_rodata_start, ABSOLUTE (.))
                0x08000000                . = ALIGN (0x4)
 *(.rodata .rodata.* .gnu.linkonce.r.*)
 .rodata        0x08000000       0x34 obj/default/FreeRTOS/port.o
 .rodata        0x08000034       0x1c obj/default/FreeRTOS/tasks.o
 .rodata        0x08000050        0x8 obj/default/FreeRTOS/timers.o
 .rodata        0x08000058       0x20 obj/default/freertos_test.o
 .rodata.str1.4
                0x08000078        0x2 c:/altera/13.0/nios2eds/bin/gnu/h-i686-mingw32/bin/../lib/gcc/nios2-elf/4.1.2/../../../../nios2-elf/lib\libc.a(lib_a-puts.o)
                                  0x4 (size before relaxing)
 *fill*         0x0800007a        0x2 00
 .rodata.str1.4
                0x0800007c       0x5e c:/altera/13.0/nios2eds/bin/gnu/h-i686-mingw32/bin/../lib/gcc/nios2-elf/4.1.2/../../../../nios2-elf/lib\libc.a(lib_a-vfprintf.o)
                                 0x60 (size before relaxing)
 *fill*         0x080000da        0x2 00
 .rodata        0x080000dc       0x20 c:/altera/13.0/nios2eds/bin/gnu/h-i686-mingw32/bin/../lib/gcc/nios2-elf/4.1.2/../../../../nios2-elf/lib\libc.a(lib_a-vfprintf.o)
 .rodata.str1.4
                0x080000fc       0x10 c:/altera/13.0/nios2eds/bin/gnu/h-i686-mingw32/bin/../lib/gcc/nios2-elf/4.1.2/../../../../nios2-elf/lib\libc.a(lib_a-dtoa.o)
                                 0x14 (size before relaxing)
 .rodata.str1.4
                0x0800010c        0x2 c:/altera/13.0/nios2eds/bin/gnu/h-i686-mingw32/bin/../lib/gcc/nios2-elf/4.1.2/../../../../nios2-elf/lib\libc.a(lib_a-impure.o)
                                  0x4 (size before relaxing)
 *fill*         0x0800010e        0x2 00
 .rodata.str1.4
                0x08000110       0x10 c:/altera/13.0/nios2eds/bin/gnu/h-i686-mingw32/bin/../lib/gcc/nios2-elf/4.1.2/../../../../nios2-elf/lib\libc.a(lib_a-locale.o)
                                 0x18 (size before relaxing)
 .rodata        0x08000120       0x30 c:/altera/13.0/nios2eds/bin/gnu/h-i686-mingw32/bin/../lib/gcc/nios2-elf/4.1.2/../../../../nios2-elf/lib\libc.a(lib_a-locale.o)
 .rodata        0x08000150      0x124 c:/altera/13.0/nios2eds/bin/gnu/h-i686-mingw32/bin/../lib/gcc/nios2-elf/4.1.2/../../../../nios2-elf/lib\libc.a(lib_a-mprec.o)
                0x08000150                __mprec_tens
                0x08000218                __mprec_bigtens
                0x08000240                __mprec_tinytens
 .rodata        0x08000274       0x14 c:/altera/13.0/nios2eds/bin/gnu/h-i686-mingw32/bin/../lib/gcc/nios2-elf/4.1.2\libgcc.a(_thenan_df.o)
                0x08000274                __thenan_df
 .rodata        0x08000288      0x100 c:/altera/13.0/nios2eds/bin/gnu/h-i686-mingw32/bin/../lib/gcc/nios2-elf/4.1.2\libgcc.a(_clz.o)
                0x08000288                __clz_tab
 .rodata        0x08000388        0xc ../Assignment01_bsp/\libhal_bsp.a(alt_dev.o)
 .rodata        0x08000394       0x10 ../Assignment01_bsp/\libhal_bsp.a(alt_main.o)
 .rodata        0x080003a4       0xb0 ../Assignment01_bsp/\libhal_bsp.a(alt_sys_init.o)
 .rodata        0x08000454       0x1c ../Assignment01_bsp/\libhal_bsp.a(altera_up_avalon_video_character_buffer_with_dma.o)
 .rodata        0x08000470      0x284 c:/altera/13.0/nios2eds/bin/gnu/h-i686-mingw32/bin/../lib/gcc/nios2-elf/4.1.2/../../../../nios2-elf/lib\libc.a(lib_a-ctype_.o)
                0x08000470                _ctype_
 *(.rodata1)
                0x080006f4                . = ALIGN (0x4)
                0x080006f4                PROVIDE (__ram_rodata_end, ABSOLUTE (.))
                0x08000000                PROVIDE (__flash_rodata_start, LOADADDR (.rodata))

.rwdata         0x080006f4     0x1e0c
                0x080006f4                PROVIDE (__ram_rwdata_start, ABSOLUTE (.))
                0x080006f4                . = ALIGN (0x4)
 *(.got.plt)
 *(.got)
 *(.data1)
 *(.data .data.* .gnu.linkonce.d.*)
 .data          0x080006f4        0x0 ../Assignment01_bsp//obj/HAL/src/crt0.o
 .data          0x080006f4        0x0 obj/default/FreeRTOS/croutine.o
 .data          0x080006f4        0x0 obj/default/FreeRTOS/event_groups.o
 .data          0x080006f4        0x0 obj/default/FreeRTOS/heap.o
 .data          0x080006f4        0x0 obj/default/FreeRTOS/list.o
 .data          0x080006f4        0x0 obj/default/FreeRTOS/port.o
 .data          0x080006f4        0x0 obj/default/FreeRTOS/queue.o
 .data          0x080006f4        0x0 obj/default/FreeRTOS/tasks.o
 .data          0x080006f4        0x0 obj/default/FreeRTOS/timers.o
 .data          0x080006f4        0x0 obj/default/freertos_test.o
 .data          0x080006f4        0x0 obj/default/FreeRTOS/port_asm.o
 .data          0x080006f4        0x0 c:/altera/13.0/nios2eds/bin/gnu/h-i686-mingw32/bin/../lib/gcc/nios2-elf/4.1.2/../../../../nios2-elf/lib\libc.a(lib_a-memcmp.o)
 .data          0x080006f4        0x0 c:/altera/13.0/nios2eds/bin/gnu/h-i686-mingw32/bin/../lib/gcc/nios2-elf/4.1.2/../../../../nios2-elf/lib\libc.a(lib_a-memcpy.o)
 .data          0x080006f4        0x0 c:/altera/13.0/nios2eds/bin/gnu/h-i686-mingw32/bin/../lib/gcc/nios2-elf/4.1.2/../../../../nios2-elf/lib\libc.a(lib_a-memset.o)
 .data          0x080006f4        0x0 c:/altera/13.0/nios2eds/bin/gnu/h-i686-mingw32/bin/../lib/gcc/nios2-elf/4.1.2/../../../../nios2-elf/lib\libc.a(lib_a-printf.o)
 .data          0x080006f4        0x0 c:/altera/13.0/nios2eds/bin/gnu/h-i686-mingw32/bin/../lib/gcc/nios2-elf/4.1.2/../../../../nios2-elf/lib\libc.a(lib_a-puts.o)
 .data          0x080006f4        0x0 c:/altera/13.0/nios2eds/bin/gnu/h-i686-mingw32/bin/../lib/gcc/nios2-elf/4.1.2/../../../../nios2-elf/lib\libc.a(lib_a-strlen.o)
 .data          0x080006f4        0x0 c:/altera/13.0/nios2eds/bin/gnu/h-i686-mingw32/bin/../lib/gcc/nios2-elf/4.1.2/../../../../nios2-elf/lib\libc.a(lib_a-vfprintf.o)
 .data          0x080006f4        0x0 c:/altera/13.0/nios2eds/bin/gnu/h-i686-mingw32/bin/../lib/gcc/nios2-elf/4.1.2/../../../../nios2-elf/lib\libc.a(lib_a-wsetup.o)
 .data          0x080006f4        0x0 c:/altera/13.0/nios2eds/bin/gnu/h-i686-mingw32/bin/../lib/gcc/nios2-elf/4.1.2/../../../../nios2-elf/lib\libc.a(lib_a-dtoa.o)
 .data          0x080006f4        0x0 c:/altera/13.0/nios2eds/bin/gnu/h-i686-mingw32/bin/../lib/gcc/nios2-elf/4.1.2/../../../../nios2-elf/lib\libc.a(lib_a-fflush.o)
 .data          0x080006f4        0x0 c:/altera/13.0/nios2eds/bin/gnu/h-i686-mingw32/bin/../lib/gcc/nios2-elf/4.1.2/../../../../nios2-elf/lib\libc.a(lib_a-findfp.o)
 .data          0x080006f4        0x0 c:/altera/13.0/nios2eds/bin/gnu/h-i686-mingw32/bin/../lib/gcc/nios2-elf/4.1.2/../../../../nios2-elf/lib\libc.a(lib_a-freer.o)
 .data          0x080006f4        0x0 c:/altera/13.0/nios2eds/bin/gnu/h-i686-mingw32/bin/../lib/gcc/nios2-elf/4.1.2/../../../../nios2-elf/lib\libc.a(lib_a-fvwrite.o)
 .data          0x080006f4        0x0 c:/altera/13.0/nios2eds/bin/gnu/h-i686-mingw32/bin/../lib/gcc/nios2-elf/4.1.2/../../../../nios2-elf/lib\libc.a(lib_a-fwalk.o)
 .data          0x080006f4      0x400 c:/altera/13.0/nios2eds/bin/gnu/h-i686-mingw32/bin/../lib/gcc/nios2-elf/4.1.2/../../../../nios2-elf/lib\libc.a(lib_a-impure.o)
 .data          0x08000af4        0xc c:/altera/13.0/nios2eds/bin/gnu/h-i686-mingw32/bin/../lib/gcc/nios2-elf/4.1.2/../../../../nios2-elf/lib\libc.a(lib_a-locale.o)
                0x08000af4                __lc_ctype
 .data          0x08000b00        0x0 c:/altera/13.0/nios2eds/bin/gnu/h-i686-mingw32/bin/../lib/gcc/nios2-elf/4.1.2/../../../../nios2-elf/lib\libc.a(lib_a-makebuf.o)
 .data          0x08000b00      0x408 c:/altera/13.0/nios2eds/bin/gnu/h-i686-mingw32/bin/../lib/gcc/nios2-elf/4.1.2/../../../../nios2-elf/lib\libc.a(lib_a-mallocr.o)
                0x08000b00                __malloc_av_
 .data          0x08000f08        0x0 c:/altera/13.0/nios2eds/bin/gnu/h-i686-mingw32/bin/../lib/gcc/nios2-elf/4.1.2/../../../../nios2-elf/lib\libc.a(lib_a-memchr.o)
 .data          0x08000f08        0x0 c:/altera/13.0/nios2eds/bin/gnu/h-i686-mingw32/bin/../lib/gcc/nios2-elf/4.1.2/../../../../nios2-elf/lib\libc.a(lib_a-memmove.o)
 .data          0x08000f08        0x0 c:/altera/13.0/nios2eds/bin/gnu/h-i686-mingw32/bin/../lib/gcc/nios2-elf/4.1.2/../../../../nios2-elf/lib\libc.a(lib_a-mprec.o)
 .data          0x08000f08        0x0 c:/altera/13.0/nios2eds/bin/gnu/h-i686-mingw32/bin/../lib/gcc/nios2-elf/4.1.2/../../../../nios2-elf/lib\libc.a(lib_a-reallocr.o)
 .data          0x08000f08        0x0 c:/altera/13.0/nios2eds/bin/gnu/h-i686-mingw32/bin/../lib/gcc/nios2-elf/4.1.2/../../../../nios2-elf/lib\libc.a(lib_a-s_isinfd.o)
 .data          0x08000f08        0x0 c:/altera/13.0/nios2eds/bin/gnu/h-i686-mingw32/bin/../lib/gcc/nios2-elf/4.1.2/../../../../nios2-elf/lib\libc.a(lib_a-s_isnand.o)
 .data          0x08000f08        0x0 c:/altera/13.0/nios2eds/bin/gnu/h-i686-mingw32/bin/../lib/gcc/nios2-elf/4.1.2/../../../../nios2-elf/lib\libc.a(lib_a-sbrkr.o)
 .data          0x08000f08        0x0 c:/altera/13.0/nios2eds/bin/gnu/h-i686-mingw32/bin/../lib/gcc/nios2-elf/4.1.2/../../../../nios2-elf/lib\libc.a(lib_a-stdio.o)
 .data          0x08000f08        0x0 c:/altera/13.0/nios2eds/bin/gnu/h-i686-mingw32/bin/../lib/gcc/nios2-elf/4.1.2/../../../../nios2-elf/lib\libc.a(lib_a-strcmp.o)
 .data          0x08000f08        0x0 c:/altera/13.0/nios2eds/bin/gnu/h-i686-mingw32/bin/../lib/gcc/nios2-elf/4.1.2/../../../../nios2-elf/lib\libc.a(lib_a-writer.o)
 .data          0x08000f08        0x0 c:/altera/13.0/nios2eds/bin/gnu/h-i686-mingw32/bin/../lib/gcc/nios2-elf/4.1.2/../../../../nios2-elf/lib\libc.a(lib_a-callocr.o)
 .data          0x08000f08        0x0 c:/altera/13.0/nios2eds/bin/gnu/h-i686-mingw32/bin/../lib/gcc/nios2-elf/4.1.2/../../../../nios2-elf/lib\libc.a(lib_a-closer.o)
 .data          0x08000f08        0x0 c:/altera/13.0/nios2eds/bin/gnu/h-i686-mingw32/bin/../lib/gcc/nios2-elf/4.1.2/../../../../nios2-elf/lib\libc.a(lib_a-fclose.o)
 .data          0x08000f08        0x0 c:/altera/13.0/nios2eds/bin/gnu/h-i686-mingw32/bin/../lib/gcc/nios2-elf/4.1.2/../../../../nios2-elf/lib\libc.a(lib_a-fstatr.o)
 .data          0x08000f08        0x0 c:/altera/13.0/nios2eds/bin/gnu/h-i686-mingw32/bin/../lib/gcc/nios2-elf/4.1.2/../../../../nios2-elf/lib\libc.a(lib_a-int_errno.o)
 .data          0x08000f08        0x0 c:/altera/13.0/nios2eds/bin/gnu/h-i686-mingw32/bin/../lib/gcc/nios2-elf/4.1.2/../../../../nios2-elf/lib\libc.a(lib_a-isattyr.o)
 .data          0x08000f08        0x0 c:/altera/13.0/nios2eds/bin/gnu/h-i686-mingw32/bin/../lib/gcc/nios2-elf/4.1.2/../../../../nios2-elf/lib\libc.a(lib_a-lseekr.o)
 .data          0x08000f08        0x0 c:/altera/13.0/nios2eds/bin/gnu/h-i686-mingw32/bin/../lib/gcc/nios2-elf/4.1.2/../../../../nios2-elf/lib\libc.a(lib_a-readr.o)
 .data          0x08000f08        0x0 c:/altera/13.0/nios2eds/bin/gnu/h-i686-mingw32/bin/../lib/gcc/nios2-elf/4.1.2\libgcc.a(_udivdi3.o)
 .data          0x08000f08        0x0 c:/altera/13.0/nios2eds/bin/gnu/h-i686-mingw32/bin/../lib/gcc/nios2-elf/4.1.2\libgcc.a(_umoddi3.o)
 .data          0x08000f08        0x0 c:/altera/13.0/nios2eds/bin/gnu/h-i686-mingw32/bin/../lib/gcc/nios2-elf/4.1.2\libgcc.a(_addsub_df.o)
 .data          0x08000f08        0x0 c:/altera/13.0/nios2eds/bin/gnu/h-i686-mingw32/bin/../lib/gcc/nios2-elf/4.1.2\libgcc.a(_mul_df.o)
 .data          0x08000f08        0x0 c:/altera/13.0/nios2eds/bin/gnu/h-i686-mingw32/bin/../lib/gcc/nios2-elf/4.1.2\libgcc.a(_div_df.o)
 .data          0x08000f08        0x0 c:/altera/13.0/nios2eds/bin/gnu/h-i686-mingw32/bin/../lib/gcc/nios2-elf/4.1.2\libgcc.a(_eq_df.o)
 .data          0x08000f08        0x0 c:/altera/13.0/nios2eds/bin/gnu/h-i686-mingw32/bin/../lib/gcc/nios2-elf/4.1.2\libgcc.a(_ne_df.o)
 .data          0x08000f08        0x0 c:/altera/13.0/nios2eds/bin/gnu/h-i686-mingw32/bin/../lib/gcc/nios2-elf/4.1.2\libgcc.a(_gt_df.o)
 .data          0x08000f08        0x0 c:/altera/13.0/nios2eds/bin/gnu/h-i686-mingw32/bin/../lib/gcc/nios2-elf/4.1.2\libgcc.a(_ge_df.o)
 .data          0x08000f08        0x0 c:/altera/13.0/nios2eds/bin/gnu/h-i686-mingw32/bin/../lib/gcc/nios2-elf/4.1.2\libgcc.a(_lt_df.o)
 .data          0x08000f08        0x0 c:/altera/13.0/nios2eds/bin/gnu/h-i686-mingw32/bin/../lib/gcc/nios2-elf/4.1.2\libgcc.a(_si_to_df.o)
 .data          0x08000f08        0x0 c:/altera/13.0/nios2eds/bin/gnu/h-i686-mingw32/bin/../lib/gcc/nios2-elf/4.1.2\libgcc.a(_df_to_si.o)
 .data          0x08000f08        0x0 c:/altera/13.0/nios2eds/bin/gnu/h-i686-mingw32/bin/../lib/gcc/nios2-elf/4.1.2\libgcc.a(_thenan_df.o)
 .data          0x08000f08        0x0 c:/altera/13.0/nios2eds/bin/gnu/h-i686-mingw32/bin/../lib/gcc/nios2-elf/4.1.2\libgcc.a(_usi_to_df.o)
 .data          0x08000f08        0x0 c:/altera/13.0/nios2eds/bin/gnu/h-i686-mingw32/bin/../lib/gcc/nios2-elf/4.1.2\libgcc.a(lib2-divmod.o)
 .data          0x08000f08        0x0 c:/altera/13.0/nios2eds/bin/gnu/h-i686-mingw32/bin/../lib/gcc/nios2-elf/4.1.2\libgcc.a(_muldi3.o)
 .data          0x08000f08        0x0 c:/altera/13.0/nios2eds/bin/gnu/h-i686-mingw32/bin/../lib/gcc/nios2-elf/4.1.2\libgcc.a(_clz.o)
 .data          0x08000f08        0x0 c:/altera/13.0/nios2eds/bin/gnu/h-i686-mingw32/bin/../lib/gcc/nios2-elf/4.1.2\libgcc.a(_clzsi2.o)
 .data          0x08000f08        0x0 c:/altera/13.0/nios2eds/bin/gnu/h-i686-mingw32/bin/../lib/gcc/nios2-elf/4.1.2\libgcc.a(_pack_df.o)
 .data          0x08000f08        0x0 c:/altera/13.0/nios2eds/bin/gnu/h-i686-mingw32/bin/../lib/gcc/nios2-elf/4.1.2\libgcc.a(_unpack_df.o)
 .data          0x08000f08        0x0 c:/altera/13.0/nios2eds/bin/gnu/h-i686-mingw32/bin/../lib/gcc/nios2-elf/4.1.2\libgcc.a(_fpcmp_parts_df.o)
 .data          0x08000f08        0x0 ../Assignment01_bsp/\libhal_bsp.a(alt_close.o)
 .data          0x08000f08      0x1a8 ../Assignment01_bsp/\libhal_bsp.a(alt_dev.o)
                0x08000f08                alt_dev_null
                0x08000f30                alt_fd_list
 .data          0x080010b0        0x0 ../Assignment01_bsp/\libhal_bsp.a(alt_errno.o)
 .data          0x080010b0        0x0 ../Assignment01_bsp/\libhal_bsp.a(alt_fstat.o)
 .data          0x080010b0        0x0 ../Assignment01_bsp/\libhal_bsp.a(alt_irq_handler.o)
 .data          0x080010b0        0x0 ../Assignment01_bsp/\libhal_bsp.a(alt_irq_vars.o)
 .data          0x080010b0        0x0 ../Assignment01_bsp/\libhal_bsp.a(alt_isatty.o)
 .data          0x080010b0        0x0 ../Assignment01_bsp/\libhal_bsp.a(alt_lseek.o)
 .data          0x080010b0        0x0 ../Assignment01_bsp/\libhal_bsp.a(alt_main.o)
 .data          0x080010b0        0x0 ../Assignment01_bsp/\libhal_bsp.a(alt_malloc_lock.o)
 .data          0x080010b0        0x0 ../Assignment01_bsp/\libhal_bsp.a(alt_read.o)
 .data          0x080010b0        0x0 ../Assignment01_bsp/\libhal_bsp.a(alt_release_fd.o)
 .data          0x080010b0        0x0 ../Assignment01_bsp/\libhal_bsp.a(alt_sbrk.o)
 .data          0x080010b0        0x0 ../Assignment01_bsp/\libhal_bsp.a(alt_write.o)
 .data          0x080010b0     0x13f0 ../Assignment01_bsp/\libhal_bsp.a(alt_sys_init.o)
 .data          0x080024a0        0x0 ../Assignment01_bsp/\libhal_bsp.a(altera_avalon_cfi_flash.o)
 .data          0x080024a0        0x0 ../Assignment01_bsp/\libhal_bsp.a(altera_avalon_cfi_flash_table.o)
 .data          0x080024a0        0x0 ../Assignment01_bsp/\libhal_bsp.a(altera_avalon_jtag_uart_fd.o)
 .data          0x080024a0        0x0 ../Assignment01_bsp/\libhal_bsp.a(altera_avalon_jtag_uart_init.o)
 .data          0x080024a0        0x0 ../Assignment01_bsp/\libhal_bsp.a(altera_avalon_jtag_uart_ioctl.o)
 .data          0x080024a0        0x0 ../Assignment01_bsp/\libhal_bsp.a(altera_avalon_jtag_uart_read.o)
 .data          0x080024a0        0x0 ../Assignment01_bsp/\libhal_bsp.a(altera_avalon_jtag_uart_write.o)
 .data          0x080024a0        0x0 ../Assignment01_bsp/\libhal_bsp.a(altera_avalon_lcd_16207.o)
 .data          0x080024a0        0x0 ../Assignment01_bsp/\libhal_bsp.a(altera_avalon_lcd_16207_fd.o)
 .data          0x080024a0        0x0 ../Assignment01_bsp/\libhal_bsp.a(altera_avalon_timer_sc.o)
 .data          0x080024a0        0x0 ../Assignment01_bsp/\libhal_bsp.a(altera_avalon_uart_fd.o)
 .data          0x080024a0        0x0 ../Assignment01_bsp/\libhal_bsp.a(altera_avalon_uart_init.o)
 .data          0x080024a0        0x0 ../Assignment01_bsp/\libhal_bsp.a(altera_avalon_uart_read.o)
 .data          0x080024a0        0x0 ../Assignment01_bsp/\libhal_bsp.a(altera_avalon_uart_write.o)
 .data          0x080024a0        0x0 ../Assignment01_bsp/\libhal_bsp.a(altera_up_avalon_ps2.o)
 .data          0x080024a0        0x0 ../Assignment01_bsp/\libhal_bsp.a(altera_up_avalon_video_character_buffer_with_dma.o)
 .data          0x080024a0        0x0 ../Assignment01_bsp/\libhal_bsp.a(alt_alarm_start.o)
 .data          0x080024a0        0x0 ../Assignment01_bsp/\libhal_bsp.a(alt_dcache_flush.o)
 .data          0x080024a0        0x0 ../Assignment01_bsp/\libhal_bsp.a(alt_dev_llist_insert.o)
 .data          0x080024a0        0x0 ../Assignment01_bsp/\libhal_bsp.a(alt_do_ctors.o)
 .data          0x080024a0        0x0 ../Assignment01_bsp/\libhal_bsp.a(alt_do_dtors.o)
 .data          0x080024a0        0x0 ../Assignment01_bsp/\libhal_bsp.a(alt_find_dev.o)
 .data          0x080024a0        0x0 ../Assignment01_bsp/\libhal_bsp.a(alt_flash_dev.o)
 .data          0x080024a0        0x0 ../Assignment01_bsp/\libhal_bsp.a(alt_io_redirect.o)
 .data          0x080024a0        0x0 ../Assignment01_bsp/\libhal_bsp.a(alt_open.o)
 .data          0x080024a0        0x0 ../Assignment01_bsp/\libhal_bsp.a(alt_tick.o)
 .data          0x080024a0        0x0 ../Assignment01_bsp/\libhal_bsp.a(alt_usleep.o)
 .data          0x080024a0        0x0 ../Assignment01_bsp/\libhal_bsp.a(altera_nios2_qsys_irq.o)
 .data          0x080024a0        0x0 ../Assignment01_bsp/\libhal_bsp.a(altera_avalon_cfi_flash_amd.o)
 .data          0x080024a0        0x0 ../Assignment01_bsp/\libhal_bsp.a(altera_avalon_cfi_flash_intel.o)
 .data          0x080024a0        0x0 ../Assignment01_bsp/\libhal_bsp.a(alt_busy_sleep.o)
 .data          0x080024a0        0x0 ../Assignment01_bsp/\libhal_bsp.a(alt_find_file.o)
 .data          0x080024a0        0x0 ../Assignment01_bsp/\libhal_bsp.a(alt_get_fd.o)
 .data          0x080024a0        0x0 c:/altera/13.0/nios2eds/bin/gnu/h-i686-mingw32/bin/../lib/gcc/nios2-elf/4.1.2/../../../../nios2-elf/lib\libc.a(lib_a-atexit.o)
 .data          0x080024a0        0x0 c:/altera/13.0/nios2eds/bin/gnu/h-i686-mingw32/bin/../lib/gcc/nios2-elf/4.1.2/../../../../nios2-elf/lib\libc.a(lib_a-ctype_.o)
 .data          0x080024a0        0x0 c:/altera/13.0/nios2eds/bin/gnu/h-i686-mingw32/bin/../lib/gcc/nios2-elf/4.1.2/../../../../nios2-elf/lib\libc.a(lib_a-exit.o)
 .data          0x080024a0        0x0 c:/altera/13.0/nios2eds/bin/gnu/h-i686-mingw32/bin/../lib/gcc/nios2-elf/4.1.2/../../../../nios2-elf/lib\libc.a(lib_a-__atexit.o)
 .data          0x080024a0        0x0 c:/altera/13.0/nios2eds/bin/gnu/h-i686-mingw32/bin/../lib/gcc/nios2-elf/4.1.2/../../../../nios2-elf/lib\libc.a(lib_a-__call_atexit.o)
 .data          0x080024a0        0x0 ../Assignment01_bsp/\libhal_bsp.a(alt_exit.o)
                0x0800a4a0                _gp = ABSOLUTE ((. + 0x8000))
                0x0800a4a0                PROVIDE (gp, _gp)
 *(.rwdata .rwdata.*)
 *(.sdata .sdata.* .gnu.linkonce.s.*)
 .sdata         0x080024a0        0xc obj/default/FreeRTOS/heap.o
 .sdata         0x080024ac        0x4 obj/default/FreeRTOS/tasks.o
 .sdata         0x080024b0        0x8 c:/altera/13.0/nios2eds/bin/gnu/h-i686-mingw32/bin/../lib/gcc/nios2-elf/4.1.2/../../../../nios2-elf/lib\libc.a(lib_a-impure.o)
                0x080024b0                _impure_ptr
                0x080024b4                _global_impure_ptr
 .sdata         0x080024b8        0x8 c:/altera/13.0/nios2eds/bin/gnu/h-i686-mingw32/bin/../lib/gcc/nios2-elf/4.1.2/../../../../nios2-elf/lib\libc.a(lib_a-locale.o)
                0x080024b8                __mb_cur_max
 .sdata         0x080024c0        0x8 c:/altera/13.0/nios2eds/bin/gnu/h-i686-mingw32/bin/../lib/gcc/nios2-elf/4.1.2/../../../../nios2-elf/lib\libc.a(lib_a-mallocr.o)
                0x080024c0                __malloc_trim_threshold
                0x080024c4                __malloc_sbrk_base
 .sdata         0x080024c8       0x14 ../Assignment01_bsp/\libhal_bsp.a(alt_dev.o)
                0x080024c8                alt_fs_list
                0x080024d0                alt_dev_list
                0x080024d8                alt_max_fd
 .sdata         0x080024dc        0x4 ../Assignment01_bsp/\libhal_bsp.a(alt_errno.o)
                0x080024dc                alt_errno
 .sdata         0x080024e0        0x4 ../Assignment01_bsp/\libhal_bsp.a(alt_irq_vars.o)
                0x080024e0                alt_priority_mask
 .sdata         0x080024e4        0x4 ../Assignment01_bsp/\libhal_bsp.a(alt_sbrk.o)
 .sdata         0x080024e8        0x4 ../Assignment01_bsp/\libhal_bsp.a(altera_avalon_lcd_16207.o)
 .sdata         0x080024ec        0x8 ../Assignment01_bsp/\libhal_bsp.a(alt_flash_dev.o)
                0x080024ec                alt_flash_dev_list
 .sdata         0x080024f4        0x8 ../Assignment01_bsp/\libhal_bsp.a(alt_tick.o)
                0x080024f4                alt_alarm_list
 .sdata         0x080024fc        0x4 c:/altera/13.0/nios2eds/bin/gnu/h-i686-mingw32/bin/../lib/gcc/nios2-elf/4.1.2/../../../../nios2-elf/lib\libc.a(lib_a-ctype_.o)
                0x080024fc                __ctype_ptr
 *(.sdata2 .sdata2.* .gnu.linkonce.s2.*)
                0x08002500                . = ALIGN (0x4)
                0x08002500                _edata = ABSOLUTE (.)
                0x08002500                PROVIDE (edata, ABSOLUTE (.))
                0x08002500                PROVIDE (__ram_rwdata_end, ABSOLUTE (.))
                0x080006f4                PROVIDE (__flash_rwdata_start, LOADADDR (.rwdata))

.bss            0x08002500    0x7d524
                0x08002500                __bss_start = ABSOLUTE (.)
                0x08002500                PROVIDE (__sbss_start, ABSOLUTE (.))
                0x08002500                PROVIDE (___sbss_start, ABSOLUTE (.))
 *(.dynsbss)
 *(.sbss .sbss.* .gnu.linkonce.sb.*)
 .sbss          0x08002500       0x1c obj/default/FreeRTOS/croutine.o
                0x08002500                pxCurrentCoRoutine
 .sbss          0x0800251c        0xc obj/default/FreeRTOS/heap.o
 .sbss          0x08002528       0x34 obj/default/FreeRTOS/tasks.o
                0x08002528                pxCurrentTCB
 .sbss          0x0800255c       0x10 obj/default/FreeRTOS/timers.o
 .sbss          0x0800256c        0xc c:/altera/13.0/nios2eds/bin/gnu/h-i686-mingw32/bin/../lib/gcc/nios2-elf/4.1.2/../../../../nios2-elf/lib\libc.a(lib_a-locale.o)
                0x0800256c                __nlocale_changed
                0x08002570                __mlocale_changed
                0x08002574                _PathLocale
 .sbss          0x08002578        0xc c:/altera/13.0/nios2eds/bin/gnu/h-i686-mingw32/bin/../lib/gcc/nios2-elf/4.1.2/../../../../nios2-elf/lib\libc.a(lib_a-mallocr.o)
                0x08002578                __malloc_top_pad
                0x0800257c                __malloc_max_sbrked_mem
                0x08002580                __malloc_max_total_mem
 .sbss          0x08002584        0x4 c:/altera/13.0/nios2eds/bin/gnu/h-i686-mingw32/bin/../lib/gcc/nios2-elf/4.1.2/../../../../nios2-elf/lib\libc.a(lib_a-int_errno.o)
                0x08002584                errno
 .sbss          0x08002588        0x4 ../Assignment01_bsp/\libhal_bsp.a(alt_irq_vars.o)
                0x08002588                alt_irq_active
 .sbss          0x0800258c        0xc ../Assignment01_bsp/\libhal_bsp.a(alt_main.o)
                0x0800258c                alt_argc
                0x08002590                alt_argv
                0x08002594                alt_envp
 .sbss          0x08002598        0x8 ../Assignment01_bsp/\libhal_bsp.a(alt_tick.o)
                0x08002598                _alt_tick_rate
                0x0800259c                _alt_nticks
 *(.sbss2 .sbss2.* .gnu.linkonce.sb2.*)
 *(.scommon)
                0x080025a0                PROVIDE (__sbss_end, ABSOLUTE (.))
                0x080025a0                PROVIDE (___sbss_end, ABSOLUTE (.))
 *(.dynbss)
 *(.bss .bss.* .gnu.linkonce.b.*)
 .bss           0x080025a0        0x0 ../Assignment01_bsp//obj/HAL/src/crt0.o
 .bss           0x080025a0       0x64 obj/default/FreeRTOS/croutine.o
 .bss           0x08002604        0x0 obj/default/FreeRTOS/event_groups.o
 .bss           0x08002604    0x7d000 obj/default/FreeRTOS/heap.o
 .bss           0x0807f604        0x0 obj/default/FreeRTOS/list.o
 .bss           0x0807f604        0x0 obj/default/FreeRTOS/port.o
 .bss           0x0807f604        0x0 obj/default/FreeRTOS/queue.o
 .bss           0x0807f604      0x140 obj/default/FreeRTOS/tasks.o
 .bss           0x0807f744       0x28 obj/default/FreeRTOS/timers.o
 .bss           0x0807f76c        0x0 obj/default/freertos_test.o
 .bss           0x0807f76c        0x0 obj/default/FreeRTOS/port_asm.o
 .bss           0x0807f76c        0x0 c:/altera/13.0/nios2eds/bin/gnu/h-i686-mingw32/bin/../lib/gcc/nios2-elf/4.1.2/../../../../nios2-elf/lib\libc.a(lib_a-memcmp.o)
 .bss           0x0807f76c        0x0 c:/altera/13.0/nios2eds/bin/gnu/h-i686-mingw32/bin/../lib/gcc/nios2-elf/4.1.2/../../../../nios2-elf/lib\libc.a(lib_a-memcpy.o)
 .bss           0x0807f76c        0x0 c:/altera/13.0/nios2eds/bin/gnu/h-i686-mingw32/bin/../lib/gcc/nios2-elf/4.1.2/../../../../nios2-elf/lib\libc.a(lib_a-memset.o)
 .bss           0x0807f76c        0x0 c:/altera/13.0/nios2eds/bin/gnu/h-i686-mingw32/bin/../lib/gcc/nios2-elf/4.1.2/../../../../nios2-elf/lib\libc.a(lib_a-printf.o)
 .bss           0x0807f76c        0x0 c:/altera/13.0/nios2eds/bin/gnu/h-i686-mingw32/bin/../lib/gcc/nios2-elf/4.1.2/../../../../nios2-elf/lib\libc.a(lib_a-puts.o)
 .bss           0x0807f76c        0x0 c:/altera/13.0/nios2eds/bin/gnu/h-i686-mingw32/bin/../lib/gcc/nios2-elf/4.1.2/../../../../nios2-elf/lib\libc.a(lib_a-strlen.o)
 .bss           0x0807f76c        0x0 c:/altera/13.0/nios2eds/bin/gnu/h-i686-mingw32/bin/../lib/gcc/nios2-elf/4.1.2/../../../../nios2-elf/lib\libc.a(lib_a-vfprintf.o)
 .bss           0x0807f76c        0x0 c:/altera/13.0/nios2eds/bin/gnu/h-i686-mingw32/bin/../lib/gcc/nios2-elf/4.1.2/../../../../nios2-elf/lib\libc.a(lib_a-wsetup.o)
 .bss           0x0807f76c        0x0 c:/altera/13.0/nios2eds/bin/gnu/h-i686-mingw32/bin/../lib/gcc/nios2-elf/4.1.2/../../../../nios2-elf/lib\libc.a(lib_a-dtoa.o)
 .bss           0x0807f76c        0x0 c:/altera/13.0/nios2eds/bin/gnu/h-i686-mingw32/bin/../lib/gcc/nios2-elf/4.1.2/../../../../nios2-elf/lib\libc.a(lib_a-fflush.o)
 .bss           0x0807f76c        0x0 c:/altera/13.0/nios2eds/bin/gnu/h-i686-mingw32/bin/../lib/gcc/nios2-elf/4.1.2/../../../../nios2-elf/lib\libc.a(lib_a-findfp.o)
 .bss           0x0807f76c        0x0 c:/altera/13.0/nios2eds/bin/gnu/h-i686-mingw32/bin/../lib/gcc/nios2-elf/4.1.2/../../../../nios2-elf/lib\libc.a(lib_a-freer.o)
 .bss           0x0807f76c        0x0 c:/altera/13.0/nios2eds/bin/gnu/h-i686-mingw32/bin/../lib/gcc/nios2-elf/4.1.2/../../../../nios2-elf/lib\libc.a(lib_a-fvwrite.o)
 .bss           0x0807f76c        0x0 c:/altera/13.0/nios2eds/bin/gnu/h-i686-mingw32/bin/../lib/gcc/nios2-elf/4.1.2/../../../../nios2-elf/lib\libc.a(lib_a-fwalk.o)
 .bss           0x0807f76c        0x0 c:/altera/13.0/nios2eds/bin/gnu/h-i686-mingw32/bin/../lib/gcc/nios2-elf/4.1.2/../../../../nios2-elf/lib\libc.a(lib_a-impure.o)
 .bss           0x0807f76c        0x0 c:/altera/13.0/nios2eds/bin/gnu/h-i686-mingw32/bin/../lib/gcc/nios2-elf/4.1.2/../../../../nios2-elf/lib\libc.a(lib_a-locale.o)
 .bss           0x0807f76c        0x0 c:/altera/13.0/nios2eds/bin/gnu/h-i686-mingw32/bin/../lib/gcc/nios2-elf/4.1.2/../../../../nios2-elf/lib\libc.a(lib_a-makebuf.o)
 .bss           0x0807f76c       0x28 c:/altera/13.0/nios2eds/bin/gnu/h-i686-mingw32/bin/../lib/gcc/nios2-elf/4.1.2/../../../../nios2-elf/lib\libc.a(lib_a-mallocr.o)
                0x0807f76c                __malloc_current_mallinfo
 .bss           0x0807f794        0x0 c:/altera/13.0/nios2eds/bin/gnu/h-i686-mingw32/bin/../lib/gcc/nios2-elf/4.1.2/../../../../nios2-elf/lib\libc.a(lib_a-memchr.o)
 .bss           0x0807f794        0x0 c:/altera/13.0/nios2eds/bin/gnu/h-i686-mingw32/bin/../lib/gcc/nios2-elf/4.1.2/../../../../nios2-elf/lib\libc.a(lib_a-memmove.o)
 .bss           0x0807f794        0x0 c:/altera/13.0/nios2eds/bin/gnu/h-i686-mingw32/bin/../lib/gcc/nios2-elf/4.1.2/../../../../nios2-elf/lib\libc.a(lib_a-mprec.o)
 .bss           0x0807f794        0x0 c:/altera/13.0/nios2eds/bin/gnu/h-i686-mingw32/bin/../lib/gcc/nios2-elf/4.1.2/../../../../nios2-elf/lib\libc.a(lib_a-reallocr.o)
 .bss           0x0807f794        0x0 c:/altera/13.0/nios2eds/bin/gnu/h-i686-mingw32/bin/../lib/gcc/nios2-elf/4.1.2/../../../../nios2-elf/lib\libc.a(lib_a-s_isinfd.o)
 .bss           0x0807f794        0x0 c:/altera/13.0/nios2eds/bin/gnu/h-i686-mingw32/bin/../lib/gcc/nios2-elf/4.1.2/../../../../nios2-elf/lib\libc.a(lib_a-s_isnand.o)
 .bss           0x0807f794        0x0 c:/altera/13.0/nios2eds/bin/gnu/h-i686-mingw32/bin/../lib/gcc/nios2-elf/4.1.2/../../../../nios2-elf/lib\libc.a(lib_a-sbrkr.o)
 .bss           0x0807f794        0x0 c:/altera/13.0/nios2eds/bin/gnu/h-i686-mingw32/bin/../lib/gcc/nios2-elf/4.1.2/../../../../nios2-elf/lib\libc.a(lib_a-stdio.o)
 .bss           0x0807f794        0x0 c:/altera/13.0/nios2eds/bin/gnu/h-i686-mingw32/bin/../lib/gcc/nios2-elf/4.1.2/../../../../nios2-elf/lib\libc.a(lib_a-strcmp.o)
 .bss           0x0807f794        0x0 c:/altera/13.0/nios2eds/bin/gnu/h-i686-mingw32/bin/../lib/gcc/nios2-elf/4.1.2/../../../../nios2-elf/lib\libc.a(lib_a-writer.o)
 .bss           0x0807f794        0x0 c:/altera/13.0/nios2eds/bin/gnu/h-i686-mingw32/bin/../lib/gcc/nios2-elf/4.1.2/../../../../nios2-elf/lib\libc.a(lib_a-callocr.o)
 .bss           0x0807f794        0x0 c:/altera/13.0/nios2eds/bin/gnu/h-i686-mingw32/bin/../lib/gcc/nios2-elf/4.1.2/../../../../nios2-elf/lib\libc.a(lib_a-closer.o)
 .bss           0x0807f794        0x0 c:/altera/13.0/nios2eds/bin/gnu/h-i686-mingw32/bin/../lib/gcc/nios2-elf/4.1.2/../../../../nios2-elf/lib\libc.a(lib_a-fclose.o)
 .bss           0x0807f794        0x0 c:/altera/13.0/nios2eds/bin/gnu/h-i686-mingw32/bin/../lib/gcc/nios2-elf/4.1.2/../../../../nios2-elf/lib\libc.a(lib_a-fstatr.o)
 .bss           0x0807f794        0x0 c:/altera/13.0/nios2eds/bin/gnu/h-i686-mingw32/bin/../lib/gcc/nios2-elf/4.1.2/../../../../nios2-elf/lib\libc.a(lib_a-int_errno.o)
 .bss           0x0807f794        0x0 c:/altera/13.0/nios2eds/bin/gnu/h-i686-mingw32/bin/../lib/gcc/nios2-elf/4.1.2/../../../../nios2-elf/lib\libc.a(lib_a-isattyr.o)
 .bss           0x0807f794        0x0 c:/altera/13.0/nios2eds/bin/gnu/h-i686-mingw32/bin/../lib/gcc/nios2-elf/4.1.2/../../../../nios2-elf/lib\libc.a(lib_a-lseekr.o)
 .bss           0x0807f794        0x0 c:/altera/13.0/nios2eds/bin/gnu/h-i686-mingw32/bin/../lib/gcc/nios2-elf/4.1.2/../../../../nios2-elf/lib\libc.a(lib_a-readr.o)
 .bss           0x0807f794        0x0 c:/altera/13.0/nios2eds/bin/gnu/h-i686-mingw32/bin/../lib/gcc/nios2-elf/4.1.2\libgcc.a(_udivdi3.o)
 .bss           0x0807f794        0x0 c:/altera/13.0/nios2eds/bin/gnu/h-i686-mingw32/bin/../lib/gcc/nios2-elf/4.1.2\libgcc.a(_umoddi3.o)
 .bss           0x0807f794        0x0 c:/altera/13.0/nios2eds/bin/gnu/h-i686-mingw32/bin/../lib/gcc/nios2-elf/4.1.2\libgcc.a(_addsub_df.o)
 .bss           0x0807f794        0x0 c:/altera/13.0/nios2eds/bin/gnu/h-i686-mingw32/bin/../lib/gcc/nios2-elf/4.1.2\libgcc.a(_mul_df.o)
 .bss           0x0807f794        0x0 c:/altera/13.0/nios2eds/bin/gnu/h-i686-mingw32/bin/../lib/gcc/nios2-elf/4.1.2\libgcc.a(_div_df.o)
 .bss           0x0807f794        0x0 c:/altera/13.0/nios2eds/bin/gnu/h-i686-mingw32/bin/../lib/gcc/nios2-elf/4.1.2\libgcc.a(_eq_df.o)
 .bss           0x0807f794        0x0 c:/altera/13.0/nios2eds/bin/gnu/h-i686-mingw32/bin/../lib/gcc/nios2-elf/4.1.2\libgcc.a(_ne_df.o)
 .bss           0x0807f794        0x0 c:/altera/13.0/nios2eds/bin/gnu/h-i686-mingw32/bin/../lib/gcc/nios2-elf/4.1.2\libgcc.a(_gt_df.o)
 .bss           0x0807f794        0x0 c:/altera/13.0/nios2eds/bin/gnu/h-i686-mingw32/bin/../lib/gcc/nios2-elf/4.1.2\libgcc.a(_ge_df.o)
 .bss           0x0807f794        0x0 c:/altera/13.0/nios2eds/bin/gnu/h-i686-mingw32/bin/../lib/gcc/nios2-elf/4.1.2\libgcc.a(_lt_df.o)
 .bss           0x0807f794        0x0 c:/altera/13.0/nios2eds/bin/gnu/h-i686-mingw32/bin/../lib/gcc/nios2-elf/4.1.2\libgcc.a(_si_to_df.o)
 .bss           0x0807f794        0x0 c:/altera/13.0/nios2eds/bin/gnu/h-i686-mingw32/bin/../lib/gcc/nios2-elf/4.1.2\libgcc.a(_df_to_si.o)
 .bss           0x0807f794        0x0 c:/altera/13.0/nios2eds/bin/gnu/h-i686-mingw32/bin/../lib/gcc/nios2-elf/4.1.2\libgcc.a(_thenan_df.o)
 .bss           0x0807f794        0x0 c:/altera/13.0/nios2eds/bin/gnu/h-i686-mingw32/bin/../lib/gcc/nios2-elf/4.1.2\libgcc.a(_usi_to_df.o)
 .bss           0x0807f794        0x0 c:/altera/13.0/nios2eds/bin/gnu/h-i686-mingw32/bin/../lib/gcc/nios2-elf/4.1.2\libgcc.a(lib2-divmod.o)
 .bss           0x0807f794        0x0 c:/altera/13.0/nios2eds/bin/gnu/h-i686-mingw32/bin/../lib/gcc/nios2-elf/4.1.2\libgcc.a(_muldi3.o)
 .bss           0x0807f794        0x0 c:/altera/13.0/nios2eds/bin/gnu/h-i686-mingw32/bin/../lib/gcc/nios2-elf/4.1.2\libgcc.a(_clz.o)
 .bss           0x0807f794        0x0 c:/altera/13.0/nios2eds/bin/gnu/h-i686-mingw32/bin/../lib/gcc/nios2-elf/4.1.2\libgcc.a(_clzsi2.o)
 .bss           0x0807f794        0x0 c:/altera/13.0/nios2eds/bin/gnu/h-i686-mingw32/bin/../lib/gcc/nios2-elf/4.1.2\libgcc.a(_pack_df.o)
 .bss           0x0807f794        0x0 c:/altera/13.0/nios2eds/bin/gnu/h-i686-mingw32/bin/../lib/gcc/nios2-elf/4.1.2\libgcc.a(_unpack_df.o)
 .bss           0x0807f794        0x0 c:/altera/13.0/nios2eds/bin/gnu/h-i686-mingw32/bin/../lib/gcc/nios2-elf/4.1.2\libgcc.a(_fpcmp_parts_df.o)
 .bss           0x0807f794        0x0 ../Assignment01_bsp/\libhal_bsp.a(alt_close.o)
 .bss           0x0807f794        0x0 ../Assignment01_bsp/\libhal_bsp.a(alt_dev.o)
 .bss           0x0807f794        0x0 ../Assignment01_bsp/\libhal_bsp.a(alt_errno.o)
 .bss           0x0807f794        0x0 ../Assignment01_bsp/\libhal_bsp.a(alt_fstat.o)
 .bss           0x0807f794        0x0 ../Assignment01_bsp/\libhal_bsp.a(alt_irq_handler.o)
 .bss           0x0807f794        0x0 ../Assignment01_bsp/\libhal_bsp.a(alt_irq_vars.o)
 .bss           0x0807f794        0x0 ../Assignment01_bsp/\libhal_bsp.a(alt_isatty.o)
 .bss           0x0807f794        0x0 ../Assignment01_bsp/\libhal_bsp.a(alt_lseek.o)
 .bss           0x0807f794        0x0 ../Assignment01_bsp/\libhal_bsp.a(alt_main.o)
 .bss           0x0807f794        0x0 ../Assignment01_bsp/\libhal_bsp.a(alt_malloc_lock.o)
 .bss           0x0807f794        0x0 ../Assignment01_bsp/\libhal_bsp.a(alt_read.o)
 .bss           0x0807f794        0x0 ../Assignment01_bsp/\libhal_bsp.a(alt_release_fd.o)
 .bss           0x0807f794        0x0 ../Assignment01_bsp/\libhal_bsp.a(alt_sbrk.o)
 .bss           0x0807f794        0x0 ../Assignment01_bsp/\libhal_bsp.a(alt_write.o)
 .bss           0x0807f794        0x0 ../Assignment01_bsp/\libhal_bsp.a(alt_sys_init.o)
 .bss           0x0807f794        0x0 ../Assignment01_bsp/\libhal_bsp.a(altera_avalon_cfi_flash.o)
 .bss           0x0807f794        0x0 ../Assignment01_bsp/\libhal_bsp.a(altera_avalon_cfi_flash_table.o)
 .bss           0x0807f794        0x0 ../Assignment01_bsp/\libhal_bsp.a(altera_avalon_jtag_uart_fd.o)
 .bss           0x0807f794        0x0 ../Assignment01_bsp/\libhal_bsp.a(altera_avalon_jtag_uart_init.o)
 .bss           0x0807f794        0x0 ../Assignment01_bsp/\libhal_bsp.a(altera_avalon_jtag_uart_ioctl.o)
 .bss           0x0807f794        0x0 ../Assignment01_bsp/\libhal_bsp.a(altera_avalon_jtag_uart_read.o)
 .bss           0x0807f794        0x0 ../Assignment01_bsp/\libhal_bsp.a(altera_avalon_jtag_uart_write.o)
 .bss           0x0807f794        0x0 ../Assignment01_bsp/\libhal_bsp.a(altera_avalon_lcd_16207.o)
 .bss           0x0807f794        0x0 ../Assignment01_bsp/\libhal_bsp.a(altera_avalon_lcd_16207_fd.o)
 .bss           0x0807f794        0x0 ../Assignment01_bsp/\libhal_bsp.a(altera_avalon_timer_sc.o)
 .bss           0x0807f794        0x0 ../Assignment01_bsp/\libhal_bsp.a(altera_avalon_uart_fd.o)
 .bss           0x0807f794        0x0 ../Assignment01_bsp/\libhal_bsp.a(altera_avalon_uart_init.o)
 .bss           0x0807f794        0x0 ../Assignment01_bsp/\libhal_bsp.a(altera_avalon_uart_read.o)
 .bss           0x0807f794        0x0 ../Assignment01_bsp/\libhal_bsp.a(altera_avalon_uart_write.o)
 .bss           0x0807f794        0x0 ../Assignment01_bsp/\libhal_bsp.a(altera_up_avalon_ps2.o)
 .bss           0x0807f794        0x0 ../Assignment01_bsp/\libhal_bsp.a(altera_up_avalon_video_character_buffer_with_dma.o)
 .bss           0x0807f794        0x0 ../Assignment01_bsp/\libhal_bsp.a(alt_alarm_start.o)
 .bss           0x0807f794        0x0 ../Assignment01_bsp/\libhal_bsp.a(alt_dcache_flush.o)
 .bss           0x0807f794        0x0 ../Assignment01_bsp/\libhal_bsp.a(alt_dev_llist_insert.o)
 .bss           0x0807f794        0x0 ../Assignment01_bsp/\libhal_bsp.a(alt_do_ctors.o)
 .bss           0x0807f794        0x0 ../Assignment01_bsp/\libhal_bsp.a(alt_do_dtors.o)
 .bss           0x0807f794        0x0 ../Assignment01_bsp/\libhal_bsp.a(alt_find_dev.o)
 .bss           0x0807f794        0x0 ../Assignment01_bsp/\libhal_bsp.a(alt_flash_dev.o)
 .bss           0x0807f794        0x0 ../Assignment01_bsp/\libhal_bsp.a(alt_io_redirect.o)
 .bss           0x0807f794        0x0 ../Assignment01_bsp/\libhal_bsp.a(alt_open.o)
 .bss           0x0807f794        0x0 ../Assignment01_bsp/\libhal_bsp.a(alt_tick.o)
 .bss           0x0807f794        0x0 ../Assignment01_bsp/\libhal_bsp.a(alt_usleep.o)
 .bss           0x0807f794        0x0 ../Assignment01_bsp/\libhal_bsp.a(altera_nios2_qsys_irq.o)
 .bss           0x0807f794        0x0 ../Assignment01_bsp/\libhal_bsp.a(altera_avalon_cfi_flash_amd.o)
 .bss           0x0807f794        0x0 ../Assignment01_bsp/\libhal_bsp.a(altera_avalon_cfi_flash_intel.o)
 .bss           0x0807f794        0x0 ../Assignment01_bsp/\libhal_bsp.a(alt_busy_sleep.o)
 .bss           0x0807f794        0x0 ../Assignment01_bsp/\libhal_bsp.a(alt_find_file.o)
 .bss           0x0807f794        0x0 ../Assignment01_bsp/\libhal_bsp.a(alt_get_fd.o)
 .bss           0x0807f794        0x0 c:/altera/13.0/nios2eds/bin/gnu/h-i686-mingw32/bin/../lib/gcc/nios2-elf/4.1.2/../../../../nios2-elf/lib\libc.a(lib_a-atexit.o)
 .bss           0x0807f794        0x0 c:/altera/13.0/nios2eds/bin/gnu/h-i686-mingw32/bin/../lib/gcc/nios2-elf/4.1.2/../../../../nios2-elf/lib\libc.a(lib_a-ctype_.o)
 .bss           0x0807f794        0x0 c:/altera/13.0/nios2eds/bin/gnu/h-i686-mingw32/bin/../lib/gcc/nios2-elf/4.1.2/../../../../nios2-elf/lib\libc.a(lib_a-exit.o)
 .bss           0x0807f794        0x0 c:/altera/13.0/nios2eds/bin/gnu/h-i686-mingw32/bin/../lib/gcc/nios2-elf/4.1.2/../../../../nios2-elf/lib\libc.a(lib_a-__atexit.o)
 .bss           0x0807f794        0x0 c:/altera/13.0/nios2eds/bin/gnu/h-i686-mingw32/bin/../lib/gcc/nios2-elf/4.1.2/../../../../nios2-elf/lib\libc.a(lib_a-__call_atexit.o)
 .bss           0x0807f794        0x0 ../Assignment01_bsp/\libhal_bsp.a(alt_exit.o)
 *(COMMON)
 COMMON         0x0807f794      0x100 ../Assignment01_bsp/\libhal_bsp.a(alt_irq_handler.o)
                0x0807f794                alt_irq
 COMMON         0x0807f894      0x190 c:/altera/13.0/nios2eds/bin/gnu/h-i686-mingw32/bin/../lib/gcc/nios2-elf/4.1.2/../../../../nios2-elf/lib\libc.a(lib_a-atexit.o)
                0x0807f894                _atexit0
                0x0807fa24                . = ALIGN (0x4)
                0x0807fa24                __bss_end = ABSOLUTE (.)

.onchip_memory  0x00015e00        0x0
                0x00015e00                PROVIDE (_alt_partition_onchip_memory_start, ABSOLUTE (.))
 *(.onchip_memory. onchip_memory.*)
                0x00015e00                . = ALIGN (0x4)
                0x00015e00                PROVIDE (_alt_partition_onchip_memory_end, ABSOLUTE (.))
                0x00015e00                PROVIDE (_alt_partition_onchip_memory_load_addr, LOADADDR (.onchip_memory))

.flash_controller
                0x01000020        0x0
                0x01000020                PROVIDE (_alt_partition_flash_controller_start, ABSOLUTE (.))
 *(.flash_controller. flash_controller.*)
                0x01000020                . = ALIGN (0x4)
                0x01000020                PROVIDE (_alt_partition_flash_controller_end, ABSOLUTE (.))
                0x01000020                PROVIDE (_alt_partition_flash_controller_load_addr, LOADADDR (.flash_controller))

.sdram          0x0807fa24        0x0
                0x0807fa24                PROVIDE (_alt_partition_sdram_start, ABSOLUTE (.))
 *(.sdram. sdram.*)
                0x0807fa24                . = ALIGN (0x4)
                0x0807fa24                PROVIDE (_alt_partition_sdram_end, ABSOLUTE (.))
                0x0807fa24                _end = ABSOLUTE (.)
                0x0807fa24                end = ABSOLUTE (.)
                0x0807fa24                __alt_stack_base = ABSOLUTE (.)
                0x0807fa24                PROVIDE (_alt_partition_sdram_load_addr, LOADADDR (.sdram))

.stab
 *(.stab)

.stabstr
 *(.stabstr)

.stab.excl
 *(.stab.excl)

.stab.exclstr
 *(.stab.exclstr)

.stab.index
 *(.stab.index)

.stab.indexstr
 *(.stab.indexstr)

.comment        0x00000000       0x23
 *(.comment)
 .comment       0x00000000       0x23 obj/default/FreeRTOS/croutine.o
                                 0x24 (size before relaxing)
 .comment       0x00000000       0x24 obj/default/FreeRTOS/event_groups.o
 .comment       0x00000000       0x24 obj/default/FreeRTOS/heap.o
 .comment       0x00000000       0x24 obj/default/FreeRTOS/list.o
 .comment       0x00000000       0x24 obj/default/FreeRTOS/port.o
 .comment       0x00000000       0x24 obj/default/FreeRTOS/queue.o
 .comment       0x00000000       0x24 obj/default/FreeRTOS/tasks.o
 .comment       0x00000000       0x24 obj/default/FreeRTOS/timers.o
 .comment       0x00000000       0x24 obj/default/freertos_test.o
 .comment       0x00000000       0x24 c:/altera/13.0/nios2eds/bin/gnu/h-i686-mingw32/bin/../lib/gcc/nios2-elf/4.1.2/../../../../nios2-elf/lib\libc.a(lib_a-memcmp.o)
 .comment       0x00000000       0x24 c:/altera/13.0/nios2eds/bin/gnu/h-i686-mingw32/bin/../lib/gcc/nios2-elf/4.1.2/../../../../nios2-elf/lib\libc.a(lib_a-memcpy.o)
 .comment       0x00000000       0x24 c:/altera/13.0/nios2eds/bin/gnu/h-i686-mingw32/bin/../lib/gcc/nios2-elf/4.1.2/../../../../nios2-elf/lib\libc.a(lib_a-memset.o)
 .comment       0x00000000       0x24 c:/altera/13.0/nios2eds/bin/gnu/h-i686-mingw32/bin/../lib/gcc/nios2-elf/4.1.2/../../../../nios2-elf/lib\libc.a(lib_a-printf.o)
 .comment       0x00000000       0x24 c:/altera/13.0/nios2eds/bin/gnu/h-i686-mingw32/bin/../lib/gcc/nios2-elf/4.1.2/../../../../nios2-elf/lib\libc.a(lib_a-puts.o)
 .comment       0x00000000       0x24 c:/altera/13.0/nios2eds/bin/gnu/h-i686-mingw32/bin/../lib/gcc/nios2-elf/4.1.2/../../../../nios2-elf/lib\libc.a(lib_a-strlen.o)
 .comment       0x00000000       0x24 c:/altera/13.0/nios2eds/bin/gnu/h-i686-mingw32/bin/../lib/gcc/nios2-elf/4.1.2/../../../../nios2-elf/lib\libc.a(lib_a-vfprintf.o)
 .comment       0x00000000       0x24 c:/altera/13.0/nios2eds/bin/gnu/h-i686-mingw32/bin/../lib/gcc/nios2-elf/4.1.2/../../../../nios2-elf/lib\libc.a(lib_a-wsetup.o)
 .comment       0x00000000       0x24 c:/altera/13.0/nios2eds/bin/gnu/h-i686-mingw32/bin/../lib/gcc/nios2-elf/4.1.2/../../../../nios2-elf/lib\libc.a(lib_a-dtoa.o)
 .comment       0x00000000       0x24 c:/altera/13.0/nios2eds/bin/gnu/h-i686-mingw32/bin/../lib/gcc/nios2-elf/4.1.2/../../../../nios2-elf/lib\libc.a(lib_a-fflush.o)
 .comment       0x00000000       0x24 c:/altera/13.0/nios2eds/bin/gnu/h-i686-mingw32/bin/../lib/gcc/nios2-elf/4.1.2/../../../../nios2-elf/lib\libc.a(lib_a-findfp.o)
 .comment       0x00000000       0x24 c:/altera/13.0/nios2eds/bin/gnu/h-i686-mingw32/bin/../lib/gcc/nios2-elf/4.1.2/../../../../nios2-elf/lib\libc.a(lib_a-freer.o)
 .comment       0x00000000       0x24 c:/altera/13.0/nios2eds/bin/gnu/h-i686-mingw32/bin/../lib/gcc/nios2-elf/4.1.2/../../../../nios2-elf/lib\libc.a(lib_a-fvwrite.o)
 .comment       0x00000000       0x24 c:/altera/13.0/nios2eds/bin/gnu/h-i686-mingw32/bin/../lib/gcc/nios2-elf/4.1.2/../../../../nios2-elf/lib\libc.a(lib_a-fwalk.o)
 .comment       0x00000000       0x24 c:/altera/13.0/nios2eds/bin/gnu/h-i686-mingw32/bin/../lib/gcc/nios2-elf/4.1.2/../../../../nios2-elf/lib\libc.a(lib_a-impure.o)
 .comment       0x00000000       0x24 c:/altera/13.0/nios2eds/bin/gnu/h-i686-mingw32/bin/../lib/gcc/nios2-elf/4.1.2/../../../../nios2-elf/lib\libc.a(lib_a-locale.o)
 .comment       0x00000000       0x24 c:/altera/13.0/nios2eds/bin/gnu/h-i686-mingw32/bin/../lib/gcc/nios2-elf/4.1.2/../../../../nios2-elf/lib\libc.a(lib_a-makebuf.o)
 .comment       0x00000000       0x24 c:/altera/13.0/nios2eds/bin/gnu/h-i686-mingw32/bin/../lib/gcc/nios2-elf/4.1.2/../../../../nios2-elf/lib\libc.a(lib_a-mallocr.o)
 .comment       0x00000000       0x24 c:/altera/13.0/nios2eds/bin/gnu/h-i686-mingw32/bin/../lib/gcc/nios2-elf/4.1.2/../../../../nios2-elf/lib\libc.a(lib_a-memchr.o)
 .comment       0x00000000       0x24 c:/altera/13.0/nios2eds/bin/gnu/h-i686-mingw32/bin/../lib/gcc/nios2-elf/4.1.2/../../../../nios2-elf/lib\libc.a(lib_a-memmove.o)
 .comment       0x00000000       0x24 c:/altera/13.0/nios2eds/bin/gnu/h-i686-mingw32/bin/../lib/gcc/nios2-elf/4.1.2/../../../../nios2-elf/lib\libc.a(lib_a-mprec.o)
 .comment       0x00000000       0x24 c:/altera/13.0/nios2eds/bin/gnu/h-i686-mingw32/bin/../lib/gcc/nios2-elf/4.1.2/../../../../nios2-elf/lib\libc.a(lib_a-reallocr.o)
 .comment       0x00000000       0x24 c:/altera/13.0/nios2eds/bin/gnu/h-i686-mingw32/bin/../lib/gcc/nios2-elf/4.1.2/../../../../nios2-elf/lib\libc.a(lib_a-s_isinfd.o)
 .comment       0x00000000       0x24 c:/altera/13.0/nios2eds/bin/gnu/h-i686-mingw32/bin/../lib/gcc/nios2-elf/4.1.2/../../../../nios2-elf/lib\libc.a(lib_a-s_isnand.o)
 .comment       0x00000000       0x24 c:/altera/13.0/nios2eds/bin/gnu/h-i686-mingw32/bin/../lib/gcc/nios2-elf/4.1.2/../../../../nios2-elf/lib\libc.a(lib_a-sbrkr.o)
 .comment       0x00000000       0x24 c:/altera/13.0/nios2eds/bin/gnu/h-i686-mingw32/bin/../lib/gcc/nios2-elf/4.1.2/../../../../nios2-elf/lib\libc.a(lib_a-stdio.o)
 .comment       0x00000000       0x24 c:/altera/13.0/nios2eds/bin/gnu/h-i686-mingw32/bin/../lib/gcc/nios2-elf/4.1.2/../../../../nios2-elf/lib\libc.a(lib_a-strcmp.o)
 .comment       0x00000000       0x24 c:/altera/13.0/nios2eds/bin/gnu/h-i686-mingw32/bin/../lib/gcc/nios2-elf/4.1.2/../../../../nios2-elf/lib\libc.a(lib_a-writer.o)
 .comment       0x00000000       0x24 c:/altera/13.0/nios2eds/bin/gnu/h-i686-mingw32/bin/../lib/gcc/nios2-elf/4.1.2/../../../../nios2-elf/lib\libc.a(lib_a-callocr.o)
 .comment       0x00000000       0x24 c:/altera/13.0/nios2eds/bin/gnu/h-i686-mingw32/bin/../lib/gcc/nios2-elf/4.1.2/../../../../nios2-elf/lib\libc.a(lib_a-closer.o)
 .comment       0x00000000       0x24 c:/altera/13.0/nios2eds/bin/gnu/h-i686-mingw32/bin/../lib/gcc/nios2-elf/4.1.2/../../../../nios2-elf/lib\libc.a(lib_a-fclose.o)
 .comment       0x00000000       0x24 c:/altera/13.0/nios2eds/bin/gnu/h-i686-mingw32/bin/../lib/gcc/nios2-elf/4.1.2/../../../../nios2-elf/lib\libc.a(lib_a-fstatr.o)
 .comment       0x00000000       0x24 c:/altera/13.0/nios2eds/bin/gnu/h-i686-mingw32/bin/../lib/gcc/nios2-elf/4.1.2/../../../../nios2-elf/lib\libc.a(lib_a-int_errno.o)
 .comment       0x00000000       0x24 c:/altera/13.0/nios2eds/bin/gnu/h-i686-mingw32/bin/../lib/gcc/nios2-elf/4.1.2/../../../../nios2-elf/lib\libc.a(lib_a-isattyr.o)
 .comment       0x00000000       0x24 c:/altera/13.0/nios2eds/bin/gnu/h-i686-mingw32/bin/../lib/gcc/nios2-elf/4.1.2/../../../../nios2-elf/lib\libc.a(lib_a-lseekr.o)
 .comment       0x00000000       0x24 c:/altera/13.0/nios2eds/bin/gnu/h-i686-mingw32/bin/../lib/gcc/nios2-elf/4.1.2/../../../../nios2-elf/lib\libc.a(lib_a-readr.o)
 .comment       0x00000000       0x24 c:/altera/13.0/nios2eds/bin/gnu/h-i686-mingw32/bin/../lib/gcc/nios2-elf/4.1.2\libgcc.a(_udivdi3.o)
 .comment       0x00000000       0x24 c:/altera/13.0/nios2eds/bin/gnu/h-i686-mingw32/bin/../lib/gcc/nios2-elf/4.1.2\libgcc.a(_umoddi3.o)
 .comment       0x00000000       0x24 c:/altera/13.0/nios2eds/bin/gnu/h-i686-mingw32/bin/../lib/gcc/nios2-elf/4.1.2\libgcc.a(_addsub_df.o)
 .comment       0x00000000       0x24 c:/altera/13.0/nios2eds/bin/gnu/h-i686-mingw32/bin/../lib/gcc/nios2-elf/4.1.2\libgcc.a(_mul_df.o)
 .comment       0x00000000       0x24 c:/altera/13.0/nios2eds/bin/gnu/h-i686-mingw32/bin/../lib/gcc/nios2-elf/4.1.2\libgcc.a(_div_df.o)
 .comment       0x00000000       0x24 c:/altera/13.0/nios2eds/bin/gnu/h-i686-mingw32/bin/../lib/gcc/nios2-elf/4.1.2\libgcc.a(_eq_df.o)
 .comment       0x00000000       0x24 c:/altera/13.0/nios2eds/bin/gnu/h-i686-mingw32/bin/../lib/gcc/nios2-elf/4.1.2\libgcc.a(_ne_df.o)
 .comment       0x00000000       0x24 c:/altera/13.0/nios2eds/bin/gnu/h-i686-mingw32/bin/../lib/gcc/nios2-elf/4.1.2\libgcc.a(_gt_df.o)
 .comment       0x00000000       0x24 c:/altera/13.0/nios2eds/bin/gnu/h-i686-mingw32/bin/../lib/gcc/nios2-elf/4.1.2\libgcc.a(_ge_df.o)
 .comment       0x00000000       0x24 c:/altera/13.0/nios2eds/bin/gnu/h-i686-mingw32/bin/../lib/gcc/nios2-elf/4.1.2\libgcc.a(_lt_df.o)
 .comment       0x00000000       0x24 c:/altera/13.0/nios2eds/bin/gnu/h-i686-mingw32/bin/../lib/gcc/nios2-elf/4.1.2\libgcc.a(_si_to_df.o)
 .comment       0x00000000       0x24 c:/altera/13.0/nios2eds/bin/gnu/h-i686-mingw32/bin/../lib/gcc/nios2-elf/4.1.2\libgcc.a(_df_to_si.o)
 .comment       0x00000000       0x24 c:/altera/13.0/nios2eds/bin/gnu/h-i686-mingw32/bin/../lib/gcc/nios2-elf/4.1.2\libgcc.a(_thenan_df.o)
 .comment       0x00000000       0x24 c:/altera/13.0/nios2eds/bin/gnu/h-i686-mingw32/bin/../lib/gcc/nios2-elf/4.1.2\libgcc.a(_usi_to_df.o)
 .comment       0x00000000       0x24 c:/altera/13.0/nios2eds/bin/gnu/h-i686-mingw32/bin/../lib/gcc/nios2-elf/4.1.2\libgcc.a(lib2-divmod.o)
 .comment       0x00000000       0x24 c:/altera/13.0/nios2eds/bin/gnu/h-i686-mingw32/bin/../lib/gcc/nios2-elf/4.1.2\libgcc.a(_muldi3.o)
 .comment       0x00000000       0x24 c:/altera/13.0/nios2eds/bin/gnu/h-i686-mingw32/bin/../lib/gcc/nios2-elf/4.1.2\libgcc.a(_clz.o)
 .comment       0x00000000       0x24 c:/altera/13.0/nios2eds/bin/gnu/h-i686-mingw32/bin/../lib/gcc/nios2-elf/4.1.2\libgcc.a(_clzsi2.o)
 .comment       0x00000000       0x24 c:/altera/13.0/nios2eds/bin/gnu/h-i686-mingw32/bin/../lib/gcc/nios2-elf/4.1.2\libgcc.a(_pack_df.o)
 .comment       0x00000000       0x24 c:/altera/13.0/nios2eds/bin/gnu/h-i686-mingw32/bin/../lib/gcc/nios2-elf/4.1.2\libgcc.a(_unpack_df.o)
 .comment       0x00000000       0x24 c:/altera/13.0/nios2eds/bin/gnu/h-i686-mingw32/bin/../lib/gcc/nios2-elf/4.1.2\libgcc.a(_fpcmp_parts_df.o)
 .comment       0x00000000       0x24 ../Assignment01_bsp/\libhal_bsp.a(alt_close.o)
 .comment       0x00000000       0x24 ../Assignment01_bsp/\libhal_bsp.a(alt_dev.o)
 .comment       0x00000000       0x24 ../Assignment01_bsp/\libhal_bsp.a(alt_errno.o)
 .comment       0x00000000       0x24 ../Assignment01_bsp/\libhal_bsp.a(alt_fstat.o)
 .comment       0x00000000       0x24 ../Assignment01_bsp/\libhal_bsp.a(alt_irq_handler.o)
 .comment       0x00000000       0x24 ../Assignment01_bsp/\libhal_bsp.a(alt_irq_vars.o)
 .comment       0x00000000       0x24 ../Assignment01_bsp/\libhal_bsp.a(alt_isatty.o)
 .comment       0x00000000       0x24 ../Assignment01_bsp/\libhal_bsp.a(alt_lseek.o)
 .comment       0x00000000       0x24 ../Assignment01_bsp/\libhal_bsp.a(alt_main.o)
 .comment       0x00000000       0x24 ../Assignment01_bsp/\libhal_bsp.a(alt_malloc_lock.o)
 .comment       0x00000000       0x24 ../Assignment01_bsp/\libhal_bsp.a(alt_read.o)
 .comment       0x00000000       0x24 ../Assignment01_bsp/\libhal_bsp.a(alt_release_fd.o)
 .comment       0x00000000       0x24 ../Assignment01_bsp/\libhal_bsp.a(alt_sbrk.o)
 .comment       0x00000000       0x24 ../Assignment01_bsp/\libhal_bsp.a(alt_write.o)
 .comment       0x00000000       0x24 ../Assignment01_bsp/\libhal_bsp.a(alt_sys_init.o)
 .comment       0x00000000       0x24 ../Assignment01_bsp/\libhal_bsp.a(altera_avalon_cfi_flash.o)
 .comment       0x00000000       0x24 ../Assignment01_bsp/\libhal_bsp.a(altera_avalon_cfi_flash_table.o)
 .comment       0x00000000       0x24 ../Assignment01_bsp/\libhal_bsp.a(altera_avalon_jtag_uart_fd.o)
 .comment       0x00000000       0x24 ../Assignment01_bsp/\libhal_bsp.a(altera_avalon_jtag_uart_init.o)
 .comment       0x00000000       0x24 ../Assignment01_bsp/\libhal_bsp.a(altera_avalon_jtag_uart_ioctl.o)
 .comment       0x00000000       0x24 ../Assignment01_bsp/\libhal_bsp.a(altera_avalon_jtag_uart_read.o)
 .comment       0x00000000       0x24 ../Assignment01_bsp/\libhal_bsp.a(altera_avalon_jtag_uart_write.o)
 .comment       0x00000000       0x24 ../Assignment01_bsp/\libhal_bsp.a(altera_avalon_lcd_16207.o)
 .comment       0x00000000       0x24 ../Assignment01_bsp/\libhal_bsp.a(altera_avalon_lcd_16207_fd.o)
 .comment       0x00000000       0x24 ../Assignment01_bsp/\libhal_bsp.a(altera_avalon_timer_sc.o)
 .comment       0x00000000       0x24 ../Assignment01_bsp/\libhal_bsp.a(altera_avalon_uart_fd.o)
 .comment       0x00000000       0x24 ../Assignment01_bsp/\libhal_bsp.a(altera_avalon_uart_init.o)
 .comment       0x00000000       0x24 ../Assignment01_bsp/\libhal_bsp.a(altera_avalon_uart_read.o)
 .comment       0x00000000       0x24 ../Assignment01_bsp/\libhal_bsp.a(altera_avalon_uart_write.o)
 .comment       0x00000000       0x24 ../Assignment01_bsp/\libhal_bsp.a(altera_up_avalon_ps2.o)
 .comment       0x00000000       0x24 ../Assignment01_bsp/\libhal_bsp.a(altera_up_avalon_video_character_buffer_with_dma.o)
 .comment       0x00000000       0x24 ../Assignment01_bsp/\libhal_bsp.a(alt_alarm_start.o)
 .comment       0x00000000       0x24 ../Assignment01_bsp/\libhal_bsp.a(alt_dcache_flush.o)
 .comment       0x00000000       0x24 ../Assignment01_bsp/\libhal_bsp.a(alt_dev_llist_insert.o)
 .comment       0x00000000       0x24 ../Assignment01_bsp/\libhal_bsp.a(alt_do_ctors.o)
 .comment       0x00000000       0x24 ../Assignment01_bsp/\libhal_bsp.a(alt_do_dtors.o)
 .comment       0x00000000       0x24 ../Assignment01_bsp/\libhal_bsp.a(alt_find_dev.o)
 .comment       0x00000000       0x24 ../Assignment01_bsp/\libhal_bsp.a(alt_flash_dev.o)
 .comment       0x00000000       0x24 ../Assignment01_bsp/\libhal_bsp.a(alt_io_redirect.o)
 .comment       0x00000000       0x24 ../Assignment01_bsp/\libhal_bsp.a(alt_open.o)
 .comment       0x00000000       0x24 ../Assignment01_bsp/\libhal_bsp.a(alt_tick.o)
 .comment       0x00000000       0x24 ../Assignment01_bsp/\libhal_bsp.a(alt_usleep.o)
 .comment       0x00000000       0x24 ../Assignment01_bsp/\libhal_bsp.a(altera_nios2_qsys_irq.o)
 .comment       0x00000000       0x24 ../Assignment01_bsp/\libhal_bsp.a(altera_avalon_cfi_flash_amd.o)
 .comment       0x00000000       0x24 ../Assignment01_bsp/\libhal_bsp.a(altera_avalon_cfi_flash_intel.o)
 .comment       0x00000000       0x24 ../Assignment01_bsp/\libhal_bsp.a(alt_busy_sleep.o)
 .comment       0x00000000       0x24 ../Assignment01_bsp/\libhal_bsp.a(alt_find_file.o)
 .comment       0x00000000       0x24 ../Assignment01_bsp/\libhal_bsp.a(alt_get_fd.o)
 .comment       0x00000000       0x24 c:/altera/13.0/nios2eds/bin/gnu/h-i686-mingw32/bin/../lib/gcc/nios2-elf/4.1.2/../../../../nios2-elf/lib\libc.a(lib_a-atexit.o)
 .comment       0x00000000       0x24 c:/altera/13.0/nios2eds/bin/gnu/h-i686-mingw32/bin/../lib/gcc/nios2-elf/4.1.2/../../../../nios2-elf/lib\libc.a(lib_a-ctype_.o)